Archive member included because of file (symbol)

c:/ethernut-4.3.3/build/gcc/atmega2561/lib\libnutos.a(heap.o)
                              ./source/fat.o (NutHeapAlloc)
c:/ethernut-4.3.3/build/gcc/atmega2561/lib\libnutos.a(bankmem.o)
                              ./source/vs10xx.o (NutSegBufReadRequest)
c:/ethernut-4.3.3/build/gcc/atmega2561/lib\libnutos.a(thread.o)
                              ./source/mmc.o (GetThreadByName)
c:/ethernut-4.3.3/build/gcc/atmega2561/lib\libnutos.a(timer.o)
                              ./source/main.o (NutDelay)
c:/ethernut-4.3.3/build/gcc/atmega2561/lib\libnutos.a(event.o)
                              c:/ethernut-4.3.3/build/gcc/atmega2561/lib\libnutos.a(thread.o) (NutEventPostAsync)
c:/ethernut-4.3.3/build/gcc/atmega2561/lib\libnutos.a(devreg.o)
                              ./source/mmc.o (NutDeviceLookup)
c:/ethernut-4.3.3/build/gcc/atmega2561/lib\libnutos.a(confos.o)
                              c:/ethernut-4.3.3/build/gcc/atmega2561/lib/nutinit.o (NutSaveConfig)
c:/ethernut-4.3.3/build/gcc/atmega2561/lib\libnutdev.a(ihndlr.o)
                              ./source/main.o (NutRegisterIrqHandler)
c:/ethernut-4.3.3/build/gcc/atmega2561/lib\libnutdev.a(nvmem.o)
                              c:/ethernut-4.3.3/build/gcc/atmega2561/lib\libnutos.a(confos.o) (NutNvMemSave)
c:/ethernut-4.3.3/build/gcc/atmega2561/lib\libnutarch.a(context_gcc.o)
                              c:/ethernut-4.3.3/build/gcc/atmega2561/lib\libnutos.a(thread.o) (NutThreadSwitch)
c:/ethernut-4.3.3/build/gcc/atmega2561/lib\libnutarch.a(ostimer.o)
                              c:/ethernut-4.3.3/build/gcc/atmega2561/lib\libnutos.a(timer.o) (NutGetTickClock)
c:/ethernut-4.3.3/build/gcc/atmega2561/lib\libnutarch.a(ih_int4.o)
                              ./source/remcon.o (sig_INTERRUPT4)
c:/ethernut-4.3.3/build/gcc/atmega2561/lib\libnutarch.a(ih_int6.o)
                              ./source/vs10xx.o (sig_INTERRUPT6)
c:/ethernut-4.3.3/build/gcc/atmega2561/lib\libnutarch.a(ih_timer0_ovf.o)
                              ./source/main.o (sig_OVERFLOW0)
c:/ethernut-4.3.3/build/gcc/atmega2561/lib\libnutarch.a(ih_timer2_comp.o)
                              c:/ethernut-4.3.3/build/gcc/atmega2561/lib\libnutarch.a(ostimer.o) (sig_OUTPUT_COMPARE2)
c:/ethernut-4.3.3/build/gcc/atmega2561/lib\libnutarch.a(uart0.o)
                              ./source/uart0driver.o (devUart0)
c:/ethernut-4.3.3/build/gcc/atmega2561/lib\libnutarch.a(uartavr.o)
                              c:/ethernut-4.3.3/build/gcc/atmega2561/lib\libnutarch.a(uart0.o) (UartAvrSize)
c:/ethernut-4.3.3/build/gcc/atmega2561/lib\libnutarch.a(twif.o)
                              ./source/rtc.o (TwInit)
c:/ethernut-4.3.3/build/gcc/atmega2561/lib\libnutarch.a(eeprom.o)
                              c:/ethernut-4.3.3/build/gcc/atmega2561/lib\libnutdev.a(nvmem.o) (OnChipNvMemSave)
c:/ethernut-4.3.3/build/gcc/atmega2561/lib\libnutarch.a(ih_twi.o)
                              c:/ethernut-4.3.3/build/gcc/atmega2561/lib\libnutarch.a(twif.o) (sig_2WIRE_SERIAL)
c:/ethernut-4.3.3/build/gcc/atmega2561/lib\libnutarch.a(ih_usart0_rx.o)
                              c:/ethernut-4.3.3/build/gcc/atmega2561/lib\libnutarch.a(uartavr.o) (sig_UART0_RECV)
c:/ethernut-4.3.3/build/gcc/atmega2561/lib\libnutarch.a(ih_usart0_tx.o)
                              c:/ethernut-4.3.3/build/gcc/atmega2561/lib\libnutarch.a(uartavr.o) (sig_UART0_TRANS)
c:/ethernut-4.3.3/build/gcc/atmega2561/lib\libnutarch.a(ih_usart1_rx.o)
                              c:/ethernut-4.3.3/build/gcc/atmega2561/lib\libnutarch.a(uartavr.o) (sig_UART1_RECV)
c:/ethernut-4.3.3/build/gcc/atmega2561/lib\libnutarch.a(ih_usart1_tx.o)
                              c:/ethernut-4.3.3/build/gcc/atmega2561/lib\libnutarch.a(uartavr.o) (sig_UART1_TRANS)
c:/ethernut-4.3.3/build/gcc/atmega2561/lib\libnutcrt.a(close.o)
                              ./source/mmc.o (_close)
c:/ethernut-4.3.3/build/gcc/atmega2561/lib\libnutcrt.a(ioctl.o)
                              ./source/uart0driver.o (_ioctl)
c:/ethernut-4.3.3/build/gcc/atmega2561/lib\libnutcrt.a(open.o)
                              ./source/mmc.o (_open)
c:/ethernut-4.3.3/build/gcc/atmega2561/lib\libnutcrt.a(fclose.o)
                              ./source/uart0driver.o (fclose)
c:/ethernut-4.3.3/build/gcc/atmega2561/lib\libnutcrt.a(fflush.o)
                              ./source/log.o (fflush)
c:/ethernut-4.3.3/build/gcc/atmega2561/lib\libnutcrt.a(fileno.o)
                              ./source/uart0driver.o (_fileno)
c:/ethernut-4.3.3/build/gcc/atmega2561/lib\libnutcrt.a(fopen.o)
                              ./source/uart0driver.o (__iob)
c:/ethernut-4.3.3/build/gcc/atmega2561/lib\libnutcrt.a(freopen.o)
                              ./source/uart0driver.o (freopen)
c:/ethernut-4.3.3/build/gcc/atmega2561/lib\libnutcrt.a(fputc.o)
                              ./source/log.o (fputc)
c:/ethernut-4.3.3/build/gcc/atmega2561/lib\libnutcrt.a(fputs.o)
[...]
Memory Configuration

Name             Origin             Length             Attributes
text             0x00000000         0x00100000         xr
data             0x00800060         0x0000ffa0         rw !x
eeprom           0x00810000         0x00010000         rw !x
*default*        0x00000000         0xffffffff

Linker script and memory map

Address of section .data set to 0x800200
LOAD c:/winavr-20070525/bin/../lib/gcc/avr/4.1.2/../../../../avr/lib/avr6/crtm2561.o
LOAD ./source/main.o
LOAD ./source/uart0driver.o
LOAD ./source/log.o
LOAD ./source/led.o
LOAD ./source/keyboard.o
LOAD ./source/display.o
LOAD ./source/vs10xx.o
LOAD ./source/remcon.o
LOAD ./source/watchdog.o
LOAD ./source/mmc.o
LOAD ./source/spidrv.o
LOAD ./source/mmcdrv.o
LOAD ./source/fat.o
LOAD ./source/flash.o
LOAD ./source/rtc.o
                0x00000000                main = 0x0
LOAD c:/ethernut-4.3.3/build/gcc/atmega2561/lib/nutinit.o
LOAD c:/ethernut-4.3.3/build/gcc/atmega2561/lib\libnutpro.a
LOAD c:/ethernut-4.3.3/build/gcc/atmega2561/lib\libnutnet.a
LOAD c:/ethernut-4.3.3/build/gcc/atmega2561/lib\libnutpro.a
LOAD c:/ethernut-4.3.3/build/gcc/atmega2561/lib\libnutfs.a
LOAD c:/ethernut-4.3.3/build/gcc/atmega2561/lib\libnutos.a
LOAD c:/ethernut-4.3.3/build/gcc/atmega2561/lib\libnutdev.a
LOAD c:/ethernut-4.3.3/build/gcc/atmega2561/lib\libnutarch.a
LOAD c:/ethernut-4.3.3/build/gcc/atmega2561/lib\libnutnet.a
LOAD c:/ethernut-4.3.3/build/gcc/atmega2561/lib\libnutcrt.a
LOAD c:/ethernut-4.3.3/build/gcc/atmega2561/lib\libnutdev.a
LOAD c:/winavr-20070525/bin/../lib/gcc/avr/4.1.2/avr6\libgcc.a
LOAD c:/winavr-20070525/bin/../lib/gcc/avr/4.1.2/../../../../avr/lib/avr6\libc.a
LOAD c:/winavr-20070525/bin/../lib/gcc/avr/4.1.2/avr6\libgcc.a

.hash
 *(.hash)

.dynsym
 *(.dynsym)

.dynstr
 *(.dynstr)

.gnu.version
 *(.gnu.version)

.gnu.version_d
 *(.gnu.version_d)

.gnu.version_r
 *(.gnu.version_r)

.rel.init
 *(.rel.init)

.rela.init
 *(.rela.init)

.rel.text
 *(.rel.text)
 *(.rel.text.*)
 *(.rel.gnu.linkonce.t*)

.rela.text
 *(.rela.text)
 *(.rela.text.*)
 *(.rela.gnu.linkonce.t*)

.rel.fini
 *(.rel.fini)

.rela.fini
 *(.rela.fini)

.rel.rodata
 *(.rel.rodata)
 *(.rel.rodata.*)
 *(.rel.gnu.linkonce.r*)

.rela.rodata
 *(.rela.rodata)
 *(.rela.rodata.*)
 *(.rela.gnu.linkonce.r*)

.rel.data
 *(.rel.data)
 *(.rel.data.*)
 *(.rel.gnu.linkonce.d*)

.rela.data
 *(.rela.data)
 *(.rela.data.*)
 *(.rela.gnu.linkonce.d*)

.rel.ctors
 *(.rel.ctors)

.rela.ctors
 *(.rela.ctors)

.rel.dtors
 *(.rel.dtors)

.rela.dtors
 *(.rela.dtors)

.rel.got
 *(.rel.got)

.rela.got
 *(.rela.got)

.rel.bss
 *(.rel.bss)

.rela.bss
 *(.rela.bss)

.rel.plt
 *(.rel.plt)

.rela.plt
 *(.rela.plt)

.text           0x00000000     0x8fda
 *(.vectors)
 .vectors       0x00000000       0xcc c:/winavr-20070525/bin/../lib/gcc/avr/4.1.2/../../../../avr/lib/avr6/crtm2561.o
                0x00000000                __vectors
                0x00000000                __vector_default
 *(.vectors)
 *(.progmem.gcc*)
 .progmem.gcc_sw_table
                0x000000cc       0x28 c:/ethernut-4.3.3/build/gcc/atmega2561/lib\libnutarch.a(uartavr.o)
 *(.progmem*)
 .progmem.data  0x000000f4       0x3f ./source/main.o
 .progmem.data  0x00000133        0x8 ./source/uart0driver.o
 .progmem.data  0x0000013b       0xea ./source/log.o
 .progmem.data  0x00000225      0x541 ./source/vs10xx.o
                0x00000225                dtab
 .progmem.data  0x00000766       0x6e ./source/mmc.o
 .progmem.data  0x000007d4        0xe ./source/spidrv.o
 .progmem.data  0x000007e2       0x16 ./source/mmcdrv.o
                0x000007f8                . = ALIGN (0x2)
                0x000007f8                __trampolines_start = .
 *(.trampolines)
 .trampolines   0x000007f8        0x0 linker stubs
 *(.trampolines*)
                0x000007f8                __trampolines_end = .
 *(.jumptables)
 *(.jumptables*)
 *(.lowtext)
 *(.lowtext*)
                0x000007f8                __ctors_start = .
 *(.ctors)
                0x000007f8                __ctors_end = .
                0x000007f8                __dtors_start = .
 *(.dtors)
                0x000007f8                __dtors_end = .
 SORT(*)(.ctors)
 SORT(*)(.dtors)
 *(.init0)
 .init0         0x000008f4        0x0 c:/winavr-20070525/bin/../lib/gcc/avr/4.1.2/../../../../avr/lib/avr6/crtm2561.o
                0x000008f4                __init
 *(.init0)
 *(.init1)
 .init1         0x000008f4       0x54 c:/ethernut-4.3.3/build/gcc/atmega2561/lib/nutinit.o
 *(.init1)
 *(.init2)
 .init2         0x00000948        0xc c:/winavr-20070525/bin/../lib/gcc/avr/4.1.2/../../../../avr/lib/avr6/crtm2561.o
 *(.init2)
 *(.init3)
 *(.init3)
 *(.init4)
 .init4         0x00000954       0x1a c:/winavr-20070525/bin/../lib/gcc/avr/4.1.2/../../../../avr/lib/avr6/crtm2561.o
                0x00000954                __do_copy_data
 .init4         0x0000096e       0x10 c:/winavr-20070525/bin/../lib/gcc/avr/4.1.2/avr6\libgcc.a(_clear_bss.o)
                0x0000096e                __do_clear_bss
 *(.init4)
 *(.init5)
 .init5         0x0000097e       0x26 c:/ethernut-4.3.3/build/gcc/atmega2561/lib/nutinit.o
 *(.init5)
 *(.init6)
 *(.init6)
 *(.init7)
 *(.init7)
 *(.init8)
 .init8         0x000009a4       0x2c c:/ethernut-4.3.3/build/gcc/atmega2561/lib/nutinit.o
                0x000009a4                NutInit
 *(.init8)
 *(.init9)
 .init9         0x000009d0        0x8 c:/winavr-20070525/bin/../lib/gcc/avr/4.1.2/../../../../avr/lib/avr6/crtm2561.o
 *(.init9)
 *(.text)
 .text          0x000009d8        0x4 c:/winavr-20070525/bin/../lib/gcc/avr/4.1.2/../../../../avr/lib/avr6/crtm2561.o
                0x000009d8                __vector_22
                0x000009d8                __vector_28
                0x000009d8                __vector_1
                0x000009d8                __vector_32
                0x000009d8                __vector_34
                0x000009d8                __vector_24
                0x000009d8                __vector_12
                0x000009d8                __vector_46
                0x000009d8                __bad_interrupt
                0x000009d8                __vector_6
                0x000009d8                __vector_31
                0x000009d8                __vector_35
                0x000009d8                __vector_3
                0x000009d8                __vector_30
                0x000009d8                __vector_45
                0x000009d8                __vector_11
                0x000009d8                __vector_17
                0x000009d8                __vector_19
                0x000009d8                __vector_49
                0x000009d8                __vector_41
                0x000009d8                __vector_43
                0x000009d8                __vector_33
                0x000009d8                __vector_47
                0x000009d8                __vector_37
                0x000009d8                __vector_4
                0x000009d8                __vector_44
                0x000009d8                __vector_9
                0x000009d8                __vector_2
                0x000009d8                __vector_21
                0x000009d8                __vector_15
                0x000009d8                __vector_29
                0x000009d8                __vector_40
                0x000009d8                __vector_8
                0x000009d8                __vector_26
                0x000009d8                __vector_48
                0x000009d8                __vector_14
                0x000009d8                __vector_10
                0x000009d8                __vector_50
                0x000009d8                __vector_16
                0x000009d8                __vector_18
                0x000009d8                __vector_20
                0x000009d8                __vector_42
 .text          0x000009dc      0x1a6 ./source/main.o
                0x00000a16                NutAppMain
                0x000009dc                SysInitIO
 .text          0x00000b82      0x11c ./source/uart0driver.o
                0x00000c86                Uart0DriverInit
                0x00000b8c                Uart0DriverStop
                0x00000b82                Uart0DriverGetStream
                0x00000ba6                Uart0DriverSetCookedMode
                0x00000bee                Uart0DriverStart
 .text          0x00000c9e      0x44a ./source/log.o
                0x000010b8                LogClose
                0x00000cb0                HexDump
                0x00000e5c                LogMsg_P
                0x000010ce                LogOpen
                0x00000e42                LogChar_P
                0x000010dc                LogInit
                0x00000c9e                LogSetLevel
 .text          0x000010e8       0x50 ./source/led.o
                0x000010e8                LedControl
                0x00001130                LedGetStatus
                0x00001128                LedInit
 .text          0x00001138      0x224 ./source/keyboard.o
                0x000012d4                KbInit
                0x0000133e                KbWaitForKeyEvent
                0x0000129a                KbGetKey
                0x00001138                KbScan
                0x00001282                KbSetKeyRepeating
                0x000012a2                KbInjectKey
 .text          0x0000135c      0x128 ./source/display.o
                0x000013da                LcdChar
                0x000013e4                LcdMChar
                0x0000135c                LcdBackLight
                0x0000141a                LcdLowLevelInit
 .text          0x00001484      0x6d6 ./source/vs10xx.o
                0x000014ce                VsGetStatus
                0x000016b4                VsBeepStart
                0x0000182a                VsRegInfo
                0x000014ae                VsPlayerStop
                0x00001afa                VsMemoryTest
                0x00001804                VsGetVolume
                0x00001484                VsPlayerInterrupts
                0x00001778                VsPlayerReset
                0x0000161e                VsPlayerSetMode
                0x0000164a                VsBeepStartRaw
                0x000016d4                VsBeep
                0x00001a70                VsPlayerKick
                0x000014e0                VsGetTypeHex
                0x00001852                VsStreamValid
                0x000018d6                VsPlayerInit
                0x0000158c                VsRegWrite
                0x000015de                VsSetVolume
                0x00001524                VsBeepStop
                0x000014d6                VsGetType
 .text          0x00001b5a       0x4c ./source/remcon.o
                0x00001b5c                RcInit
 .text          0x00001ba6       0xec ./source/watchdog.o
                0x00001c34                WatchDogRestart
                0x00001c58                WatchDogEnable
                0x00001c38                WatchDogDisable
                0x00001ba6                WatchDogStart
 .text          0x00001c92      0x2ac ./source/mmc.o
                0x00001c92                CardCheckCard
                0x00001d30                CardCheckPresent
                0x00001d42                CardClose
                0x00001d44                CardInit
                0x00001dc4                CardInitCard
                0x00001ec6                CardPresent
                0x00001d38                CardStatus
 .text          0x00001f3e       0xc2 ./source/spidrv.o
                0x00001f54                SPIputByte
                0x00001f7c                SPIinit
                0x00001f5e                SPIgetByte
                0x00001f4c                SPIgetmode
                0x00001f6e                SPItransferByte
                0x00001f84                SPIselect
                0x00001f3e                SPIdeselect
                0x00001f46                SPImode
 .text          0x00002000      0x708 ./source/mmcdrv.o
                0x0000266a                MMCInit
                0x0000200c                MMCUnMountDevice
                0x00002388                MMCReadSectors
                0x00002000                MMCIsCDROMDevice
                0x00002186                MMCWriteSectors
                0x000024d2                MMCGetSectorSize
                0x00002006                MMCIsZIPDevice
                0x000024fe                MMCMountAllDevices
                0x00002496                MMCGetTotalSectors
 .text          0x00002708     0x1616 ./source/fat.o
                0x0000332a                FATIOCtl
                0x00002ca4                FATFree
                0x00002708                FATRelease
                0x00002cc0                FATFileRead
                0x00002c9a                FATSemaInit
                0x00002cae                FATLock
                0x00002f30                FATFileSize
 .text          0x00003d1e      0x3c2 ./source/flash.o
                0x00003d1e                At45dbChipErase
                0x00003e34                At45dbInit
                0x00003dce                At45dbGetStatus
                0x00003fa8                At45dbPageWrite
                0x000040a8                At45dbPageErase
                0x00003eac                At45dbWaitReady
                0x00003f0c                At45dbSendCmd
                0x00004062                At45dbPageRead
 .text          0x000040e0      0xa24 ./source/rtc.o
                0x00004116                X12EepromRead
                0x000042c4                X12RtcGetClock
                0x000049ac                X12RtcSetClock
                0x00004190                X12RtcReadRegs
                0x000046a6                X12RtcSetAlarm
                0x000040e0                X12RtcClearStatus
                0x00004206                X12RtcGetStatus
                0x0000428c                X12Init
                0x0000462e                X12RtcWrite
                0x00004806                X12RtcGetAlarm
                0x0000452c                X12EepromWrite
 .text          0x00004b04       0x58 c:/ethernut-4.3.3/build/gcc/atmega2561/lib/nutinit.o
                0x00004b0a                NutIdle
                0x00004b04                NutThreadSetSleepMode
 .text          0x00004b5c      0x202 c:/ethernut-4.3.3/build/gcc/atmega2561/lib\libnutos.a(heap.o)
                0x00004d2a                NutHeapAvailable
                0x00004c42                NutHeapFree
                0x00004b5c                NutHeapAlloc
                0x00004d1c                NutHeapAdd
                0x00004d34                NutHeapAllocClear
 .text          0x00004d5e      0x436 c:/ethernut-4.3.3/build/gcc/atmega2561/lib\libnutos.a(bankmem.o)
                0x00004e9c                NutSegBufWriteCommit
                0x0000513c                NutSegBufUsed
                0x00004fe0                NutSegBufWriteLast
                0x00004d5e                NutSegBufReset
                0x0000514e                NutBufRemovePage
                0x00004dd2                NutSegBufWriteRequest
                0x00004f2c                NutSegBufReadCommit
                0x00004e2a                NutSegBufReadRequest
                0x00005112                NutSegBufAvailable
                0x00005066                NutSegBufReadLast
                0x00004d9c                NutSegBufInit
 .text          0x00005194      0x308 c:/ethernut-4.3.3/build/gcc/atmega2561/lib\libnutos.a(thread.o)
                0x000052a6                NutThreadWake
                0x00005364                NutThreadSetPriority
                0x000052fa                NutThreadDestroy
                0x000053da                NutThreadExit
                0x00005230                NutThreadRemoveQueue
                0x00005194                NutThreadAddPriQueue
                0x000053e2                NutThreadResume
                0x00005318                NutThreadKill
                0x0000546c                NutThreadYield
                0x000052bc                GetThreadByName
 .text          0x0000549c      0x68c c:/ethernut-4.3.3/build/gcc/atmega2561/lib\libnutos.a(timer.o)
                0x000054f8                NutDelay
                0x0000571c                NutSleep
                0x0000561e                NutGetTickCount
                0x000056f6                NutTimerStart
                0x00005900                NutTimerProcessElapsed
                0x0000559e                NutTimerStop
                0x00005a18                NutTimerInit
                0x000057c8                NutGetMillis
                0x000058c0                NutGetSeconds
                0x000054c4                NutMicroDelay
                0x00005514                NutTimerInsert
                0x000056d8                NutTimerStartTicks
                0x0000563a                NutTimerCreate
 .text          0x00005b28      0x2b8 c:/ethernut-4.3.3/build/gcc/atmega2561/lib\libnutos.a(event.o)
                0x00005c30                NutEventBroadcast
                0x00005cec                NutEventWait
                0x00005bc6                NutEventBroadcastAsync
                0x00005dbe                NutEventWaitNext
                0x00005b28                NutEventPostAsync
                0x00005c46                NutEventPost
                0x00005c5c                NutEventTimeout
 .text          0x00005de0       0x90 c:/ethernut-4.3.3/build/gcc/atmega2561/lib\libnutos.a(devreg.o)
                0x00005e18                NutRegisterDevice
                0x00005de0                NutDeviceLookup
 .text          0x00005e70       0x6a c:/ethernut-4.3.3/build/gcc/atmega2561/lib\libnutos.a(confos.o)
                0x00005ea2                NutLoadConfig
                0x00005e70                NutSaveConfig
 .text          0x00005eda      0x18c c:/ethernut-4.3.3/build/gcc/atmega2561/lib\libnutdev.a(ihndlr.o)
                0x00005eda                CallHandler
                0x00005ff2                NutIrqSetMode
                0x00005f36                NutIrqEnable
                0x00005f5a                NutIrqDisable
                0x00005f7e                NutIrqSetPriority
                0x00005ef6                NutRegisterIrqHandler
 .text          0x00006066        0xc c:/ethernut-4.3.3/build/gcc/atmega2561/lib\libnutdev.a(nvmem.o)
                0x0000606c                NutNvMemLoad
                0x00006066                NutNvMemSave
 .text          0x00006072      0x1cc c:/ethernut-4.3.3/build/gcc/atmega2561/lib\libnutarch.a(context_gcc.o)
                0x00006100                NutThreadCreate
                0x000060b6                thread_start
                0x00006082                NutThreadSwitch
 .text          0x0000623e       0x96 c:/ethernut-4.3.3/build/gcc/atmega2561/lib\libnutarch.a(ostimer.o)
                0x00006250                NutGetTickClock
                0x0000625a                NutRegisterTimer
                0x000062a4                NutTimerMillisToTicks
                0x0000623e                NutGetCpuClock
 .text          0x000062d4      0x178 c:/ethernut-4.3.3/build/gcc/atmega2561/lib\libnutarch.a(ih_int4.o)
                0x00006400                __vector_5
 .text          0x0000644c      0x178 c:/ethernut-4.3.3/build/gcc/atmega2561/lib\libnutarch.a(ih_int6.o)
                0x00006578                __vector_7
 .text          0x000065c4       0xec c:/ethernut-4.3.3/build/gcc/atmega2561/lib\libnutarch.a(ih_timer0_ovf.o)
                0x00006664                __vector_23
 .text          0x000066b0       0xec c:/ethernut-4.3.3/build/gcc/atmega2561/lib\libnutarch.a(ih_timer2_comp.o)
                0x00006750                __vector_13
 .text          0x0000679c        0x0 c:/ethernut-4.3.3/build/gcc/atmega2561/lib\libnutarch.a(uart0.o)
 .text          0x0000679c      0xaee c:/ethernut-4.3.3/build/gcc/atmega2561/lib\libnutarch.a(uartavr.o)
                0x00007122                UartAvrWrite_P
                0x00007132                UartAvrWrite
                0x0000693a                UartAvrOpen
                0x00006e70                UartAvrInit
                0x00006f80                UartAvrFlush
                0x0000690e                UartAvrSize
                0x00006930                UartAvrClose
                0x00006fd2                UartAvrPut
                0x0000719e                UartAvrRead
                0x000069ea                UartAvrIOCtl
                0x00006888                UartAvrOutput
                0x00007142                UartAvrInput
 .text          0x0000728a      0x9ba c:/ethernut-4.3.3/build/gcc/atmega2561/lib\libnutarch.a(twif.o)
                0x00007b04                TwMasterTransact
                0x000078fc                TwInit
                0x00007980                TwSlaveRespond
                0x00007a42                TwSlaveListen
                0x00007740                TwMasterError
                0x00007758                TwIOCtl
                0x0000774c                TwSlaveError
 .text          0x00007c44       0x60 c:/ethernut-4.3.3/build/gcc/atmega2561/lib\libnutarch.a(eeprom.o)
                0x00007c44                OnChipNvMemSave
                0x00007c84                OnChipNvMemLoad
 .text          0x00007ca4       0xf4 c:/ethernut-4.3.3/build/gcc/atmega2561/lib\libnutarch.a(ih_twi.o)
                0x00007d4c                __vector_39
 .text          0x00007d98       0xf4 c:/ethernut-4.3.3/build/gcc/atmega2561/lib\libnutarch.a(ih_usart0_rx.o)
                0x00007e40                __vector_25
 .text          0x00007e8c       0xf6 c:/ethernut-4.3.3/build/gcc/atmega2561/lib\libnutarch.a(ih_usart0_tx.o)
                0x00007f36                __vector_27
 .text          0x00007f82       0xf4 c:/ethernut-4.3.3/build/gcc/atmega2561/lib\libnutarch.a(ih_usart1_rx.o)
                0x0000802a                __vector_36
 .text          0x00008076       0xf6 c:/ethernut-4.3.3/build/gcc/atmega2561/lib\libnutarch.a(ih_usart1_tx.o)
                0x00008120                __vector_38
 .text          0x0000816c       0x2c c:/ethernut-4.3.3/build/gcc/atmega2561/lib\libnutcrt.a(close.o)
                0x0000816c                _close
 .text          0x00008198       0x24 c:/ethernut-4.3.3/build/gcc/atmega2561/lib\libnutcrt.a(ioctl.o)
                0x00008198                _ioctl
 .text          0x000081bc       0xb0 c:/ethernut-4.3.3/build/gcc/atmega2561/lib\libnutcrt.a(open.o)
                0x000081bc                _open
 .text          0x0000826c       0x80 c:/ethernut-4.3.3/build/gcc/atmega2561/lib\libnutcrt.a(fclose.o)
                0x0000826c                fclose
 .text          0x000082ec       0x22 c:/ethernut-4.3.3/build/gcc/atmega2561/lib\libnutcrt.a(fflush.o)
                0x000082ec                fflush
 .text          0x0000830e        0x8 c:/ethernut-4.3.3/build/gcc/atmega2561/lib\libnutcrt.a(fileno.o)
                0x0000830e                _fileno
 .text          0x00008316       0xb8 c:/ethernut-4.3.3/build/gcc/atmega2561/lib\libnutcrt.a(fopen.o)
                0x00008316                fopen
 .text          0x000083ce       0xd6 c:/ethernut-4.3.3/build/gcc/atmega2561/lib\libnutcrt.a(freopen.o)
                0x000083ce                freopen
 .text          0x000084a4       0x50 c:/ethernut-4.3.3/build/gcc/atmega2561/lib\libnutcrt.a(fputc.o)
                0x000084a4                fputc
 .text          0x000084f4       0x22 c:/ethernut-4.3.3/build/gcc/atmega2561/lib\libnutcrt.a(fputs.o)
                0x000084f4                fputs
 .text          0x00008516       0x28 c:/ethernut-4.3.3/build/gcc/atmega2561/lib\libnutcrt.a(fputs_p.o)
                0x00008516                fputs_P
 .text          0x0000853e       0x72 c:/ethernut-4.3.3/build/gcc/atmega2561/lib\libnutcrt.a(vfprintf_p.o)
                0x0000853e                vfprintf_P
 .text          0x000085b0       0x80 c:/ethernut-4.3.3/build/gcc/atmega2561/lib\libnutcrt.a(time.o)
                0x000085ec                time
                0x000085b0                stime
 .text          0x00008630        0x0 c:/ethernut-4.3.3/build/gcc/atmega2561/lib\libnutcrt.a(errno.o)
 .text          0x00008630       0x20 c:/ethernut-4.3.3/build/gcc/atmega2561/lib\libnutcrt.a(malloc.o)
                0x00008636                malloc
                0x00008630                free
 .text          0x00008650      0x6f2 c:/ethernut-4.3.3/build/gcc/atmega2561/lib\libnutcrt.a(putf.o)
                0x000086a0                _putf
 .text          0x00008d42       0x26 c:/ethernut-4.3.3/build/gcc/atmega2561/lib\libnutcrt.a(write.o)
                0x00008d42                _write
 .text          0x00008d68       0x26 c:/ethernut-4.3.3/build/gcc/atmega2561/lib\libnutcrt.a(write_p.o)
                0x00008d68                _write_P
 .text          0x00008d8e       0x58 c:/ethernut-4.3.3/build/gcc/atmega2561/lib\libnutcrt.a(fmode.o)
                0x00008d8e                _fmode
 .text          0x00008de6        0x0 c:/winavr-20070525/bin/../lib/gcc/avr/4.1.2/avr6\libgcc.a(_mulsi3.o)
 .text          0x00008de6        0x0 c:/winavr-20070525/bin/../lib/gcc/avr/4.1.2/avr6\libgcc.a(_udivmodqi4.o)
 .text          0x00008de6        0x0 c:/winavr-20070525/bin/../lib/gcc/avr/4.1.2/avr6\libgcc.a(_udivmodhi4.o)
 .text          0x00008de6        0x0 c:/winavr-20070525/bin/../lib/gcc/avr/4.1.2/avr6\libgcc.a(_divmodhi4.o)
 .text          0x00008de6        0x0 c:/winavr-20070525/bin/../lib/gcc/avr/4.1.2/avr6\libgcc.a(_udivmodsi4.o)
 .text          0x00008de6        0x0 c:/winavr-20070525/bin/../lib/gcc/avr/4.1.2/avr6\libgcc.a(_exit.o)
 .text          0x00008de6        0x0 c:/winavr-20070525/bin/../lib/gcc/avr/4.1.2/avr6\libgcc.a(_clear_bss.o)
 .text          0x00008de6        0x0 c:/winavr-20070525/bin/../lib/gcc/avr/4.1.2/../../../../avr/lib/avr6\libc.a(toupper.o)
 .text          0x00008de6       0x12 c:/winavr-20070525/bin/../lib/gcc/avr/4.1.2/../../../../avr/lib/avr6\libc.a(memcpy_P.o)
                0x00008de6                memcpy_P
 .text          0x00008df8        0xe c:/winavr-20070525/bin/../lib/gcc/avr/4.1.2/../../../../avr/lib/avr6\libc.a(strcpy_P.o)
                0x00008df8                strcpy_P
 .text          0x00008e06       0x12 c:/winavr-20070525/bin/../lib/gcc/avr/4.1.2/../../../../avr/lib/avr6\libc.a(strlen_P.o)
                0x00008e06                strlen_P
 .text          0x00008e18       0x1a c:/winavr-20070525/bin/../lib/gcc/avr/4.1.2/../../../../avr/lib/avr6\libc.a(memchr.o)
                0x00008e18                memchr
 .text          0x00008e32       0x1a c:/winavr-20070525/bin/../lib/gcc/avr/4.1.2/../../../../avr/lib/avr6\libc.a(memcmp.o)
                0x00008e32                memcmp
 .text          0x00008e4c       0x12 c:/winavr-20070525/bin/../lib/gcc/avr/4.1.2/../../../../avr/lib/avr6\libc.a(memcpy.o)
                0x00008e4c                memcpy
 .text          0x00008e5e        0xe c:/winavr-20070525/bin/../lib/gcc/avr/4.1.2/../../../../avr/lib/avr6\libc.a(memset.o)
                0x00008e5e                memset
 .text          0x00008e6c       0x16 c:/winavr-20070525/bin/../lib/gcc/avr/4.1.2/../../../../avr/lib/avr6\libc.a(strchr.o)
                0x00008e6c                strchr
 .text          0x00008e82       0x12 c:/winavr-20070525/bin/../lib/gcc/avr/4.1.2/../../../../avr/lib/avr6\libc.a(strcmp.o)
                0x00008e82                strcmp
 .text          0x00008e94        0xe c:/winavr-20070525/bin/../lib/gcc/avr/4.1.2/../../../../avr/lib/avr6\libc.a(strcpy.o)
                0x00008e94                strcpy
 .text          0x00008ea2        0x0 c:/winavr-20070525/bin/../lib/gcc/avr/4.1.2/../../../../avr/lib/avr6\libc.a(ee_rb.1F2021.o)
 .text          0x00008ea2        0x0 c:/winavr-20070525/bin/../lib/gcc/avr/4.1.2/../../../../avr/lib/avr6\libc.a(ee_wb.1F2021.o)
 .text          0x00008ea2        0x0 c:/winavr-20070525/bin/../lib/gcc/avr/4.1.2/../../../../avr/lib/avr6\libc.a(isalpha.o)
 .text          0x00008ea2        0x0 c:/winavr-20070525/bin/../lib/gcc/avr/4.1.2/../../../../avr/lib/avr6\libc.a(cty_isfalse.o)
                0x00008ea2                . = ALIGN (0x2)
 *(.text.*)
 .text.libgcc   0x00008ea2       0x3e c:/winavr-20070525/bin/../lib/gcc/avr/4.1.2/avr6\libgcc.a(_mulsi3.o)
                0x00008ea2                __mulsi3
 .text.libgcc   0x00008ee0       0x18 c:/winavr-20070525/bin/../lib/gcc/avr/4.1.2/avr6\libgcc.a(_udivmodqi4.o)
                0x00008ee0                __udivmodqi4
 .text.libgcc   0x00008ef8       0x28 c:/winavr-20070525/bin/../lib/gcc/avr/4.1.2/avr6\libgcc.a(_udivmodhi4.o)
                0x00008ef8                __udivmodhi4
 .text.libgcc   0x00008f20       0x26 c:/winavr-20070525/bin/../lib/gcc/avr/4.1.2/avr6\libgcc.a(_divmodhi4.o)
                0x00008f20                __divmodhi4
                0x00008f20                _div
 .text.libgcc   0x00008f46       0x44 c:/winavr-20070525/bin/../lib/gcc/avr/4.1.2/avr6\libgcc.a(_udivmodsi4.o)
                0x00008f46                __udivmodsi4
 .text.libgcc   0x00008f8a        0x0 c:/winavr-20070525/bin/../lib/gcc/avr/4.1.2/avr6\libgcc.a(_exit.o)
 .text.libgcc   0x00008f8a        0x0 c:/winavr-20070525/bin/../lib/gcc/avr/4.1.2/avr6\libgcc.a(_clear_bss.o)
 .text.ctype    0x00008f8a        0xc c:/winavr-20070525/bin/../lib/gcc/avr/4.1.2/../../../../avr/lib/avr6\libc.a(toupper.o)
                0x00008f8a                toupper
 .text.eeprom   0x00008f96       0x10 c:/winavr-20070525/bin/../lib/gcc/avr/4.1.2/../../../../avr/lib/avr6\libc.a(ee_rb.1F2021.o)
                0x00008f96                __eeprom_read_byte_1F2021
 .text.eeprom   0x00008fa6       0x18 c:/winavr-20070525/bin/../lib/gcc/avr/4.1.2/../../../../avr/lib/avr6\libc.a(ee_wb.1F2021.o)
                0x00008fa6                __eeprom_write_byte_1F2021
 .text.ctype    0x00008fbe       0x14 c:/winavr-20070525/bin/../lib/gcc/avr/4.1.2/../../../../avr/lib/avr6\libc.a(isalpha.o)
                0x00008fc4                islower
                0x00008fbe                isupper
                0x00008fc2                isalpha
 .text.ctype    0x00008fd2        0x6 c:/winavr-20070525/bin/../lib/gcc/avr/4.1.2/../../../../avr/lib/avr6\libc.a(cty_isfalse.o)
                0x00008fd6                __ctype_istrue
                0x00008fd2                __ctype_isfalse
                0x00008fd8                . = ALIGN (0x2)
 *(.fini9)
 .fini9         0x00008fd8        0x0 c:/winavr-20070525/bin/../lib/gcc/avr/4.1.2/avr6\libgcc.a(_exit.o)
                0x00008fd8                exit
                0x00008fd8                _exit
 *(.fini9)
 *(.fini8)
 *(.fini8)
 *(.fini7)
 *(.fini7)
 *(.fini6)
 *(.fini6)
 *(.fini5)
 *(.fini5)
 *(.fini4)
 *(.fini4)
 *(.fini3)
 *(.fini3)
 *(.fini2)
 *(.fini2)
 *(.fini1)
 *(.fini1)
 *(.fini0)
 .fini0         0x00008fd8        0x2 c:/winavr-20070525/bin/../lib/gcc/avr/4.1.2/avr6\libgcc.a(_exit.o)
 *(.fini0)
                0x00008fda                _etext = .

.data           0x00800200      0x18a load address 0x00008fda
                0x00800200                PROVIDE (__data_start, .)
 *(.data)
 .data          0x00800200        0x0 c:/winavr-20070525/bin/../lib/gcc/avr/4.1.2/../../../../avr/lib/avr6/crtm2561.o
 .data          0x00800200        0x0 ./source/main.o
 .data          0x00800200        0x0 ./source/uart0driver.o
 .data          0x00800200       0x10 ./source/log.o
 .data          0x00800210        0x0 ./source/led.o
 .data          0x00800210        0x0 ./source/keyboard.o
 .data          0x00800210        0x0 ./source/display.o
 .data          0x00800210        0x0 ./source/vs10xx.o
 .data          0x00800210        0x0 ./source/remcon.o
 .data          0x00800210        0x0 ./source/watchdog.o
 .data          0x00800210        0x0 ./source/mmc.o
 .data          0x00800210        0x0 ./source/spidrv.o
 .data          0x00800210        0x0 ./source/mmcdrv.o
 .data          0x00800210       0x64 ./source/fat.o
                0x00800210                devFAT
                0x00800233                devFATMMC0
 .data          0x00800274       0x50 ./source/flash.o
                0x00800274                at45_devt
 .data          0x008002c4        0x0 ./source/rtc.o
 .data          0x008002c4       0x14 c:/ethernut-4.3.3/build/gcc/atmega2561/lib/nutinit.o
                0x008002d7                idle_sleep_mode
 .data          0x008002d8        0x0 c:/ethernut-4.3.3/build/gcc/atmega2561/lib\libnutos.a(heap.o)
 .data          0x008002d8        0x0 c:/ethernut-4.3.3/build/gcc/atmega2561/lib\libnutos.a(bankmem.o)
 .data          0x008002d8        0x0 c:/ethernut-4.3.3/build/gcc/atmega2561/lib\libnutos.a(thread.o)
 .data          0x008002d8        0x0 c:/ethernut-4.3.3/build/gcc/atmega2561/lib\libnutos.a(timer.o)
 .data          0x008002d8        0x0 c:/ethernut-4.3.3/build/gcc/atmega2561/lib\libnutos.a(event.o)
 .data          0x008002d8        0x0 c:/ethernut-4.3.3/build/gcc/atmega2561/lib\libnutos.a(devreg.o)
 .data          0x008002d8        0x0 c:/ethernut-4.3.3/build/gcc/atmega2561/lib\libnutos.a(confos.o)
 .data          0x008002d8        0x0 c:/ethernut-4.3.3/build/gcc/atmega2561/lib\libnutdev.a(ihndlr.o)
 .data          0x008002d8        0x0 c:/ethernut-4.3.3/build/gcc/atmega2561/lib\libnutdev.a(nvmem.o)
 .data          0x008002d8        0x0 c:/ethernut-4.3.3/build/gcc/atmega2561/lib\libnutarch.a(context_gcc.o)
 .data          0x008002d8        0x0 c:/ethernut-4.3.3/build/gcc/atmega2561/lib\libnutarch.a(ostimer.o)
 .data          0x008002d8        0x6 c:/ethernut-4.3.3/build/gcc/atmega2561/lib\libnutarch.a(ih_int4.o)
                0x008002d8                sig_INTERRUPT4
 .data          0x008002de        0x6 c:/ethernut-4.3.3/build/gcc/atmega2561/lib\libnutarch.a(ih_int6.o)
                0x008002de                sig_INTERRUPT6
 .data          0x008002e4        0x6 c:/ethernut-4.3.3/build/gcc/atmega2561/lib\libnutarch.a(ih_timer0_ovf.o)
                0x008002e4                sig_OVERFLOW0
 .data          0x008002ea        0x6 c:/ethernut-4.3.3/build/gcc/atmega2561/lib\libnutarch.a(ih_timer2_comp.o)
                0x008002ea                sig_OUTPUT_COMPARE2
 .data          0x008002f0       0x23 c:/ethernut-4.3.3/build/gcc/atmega2561/lib\libnutarch.a(uart0.o)
                0x008002f0                devUart0
 .data          0x00800313        0x0 c:/ethernut-4.3.3/build/gcc/atmega2561/lib\libnutarch.a(uartavr.o)
 .data          0x00800313        0x0 c:/ethernut-4.3.3/build/gcc/atmega2561/lib\libnutarch.a(twif.o)
 .data          0x00800313        0x0 c:/ethernut-4.3.3/build/gcc/atmega2561/lib\libnutarch.a(eeprom.o)
 .data          0x00800313        0x6 c:/ethernut-4.3.3/build/gcc/atmega2561/lib\libnutarch.a(ih_twi.o)
                0x00800313                sig_2WIRE_SERIAL
 .data          0x00800319        0x6 c:/ethernut-4.3.3/build/gcc/atmega2561/lib\libnutarch.a(ih_usart0_rx.o)
                0x00800319                sig_UART0_RECV
 .data          0x0080031f        0x6 c:/ethernut-4.3.3/build/gcc/atmega2561/lib\libnutarch.a(ih_usart0_tx.o)
                0x0080031f                sig_UART0_TRANS
 .data          0x00800325        0x6 c:/ethernut-4.3.3/build/gcc/atmega2561/lib\libnutarch.a(ih_usart1_rx.o)
                0x00800325                sig_UART1_RECV
 .data          0x0080032b        0x6 c:/ethernut-4.3.3/build/gcc/atmega2561/lib\libnutarch.a(ih_usart1_tx.o)
                0x0080032b                sig_UART1_TRANS
 .data          0x00800331        0x0 c:/ethernut-4.3.3/build/gcc/atmega2561/lib\libnutcrt.a(close.o)
 .data          0x00800331        0x0 c:/ethernut-4.3.3/build/gcc/atmega2561/lib\libnutcrt.a(ioctl.o)
 .data          0x00800331        0x0 c:/ethernut-4.3.3/build/gcc/atmega2561/lib\libnutcrt.a(open.o)
 .data          0x00800331        0x0 c:/ethernut-4.3.3/build/gcc/atmega2561/lib\libnutcrt.a(fclose.o)
 .data          0x00800331        0x0 c:/ethernut-4.3.3/build/gcc/atmega2561/lib\libnutcrt.a(fflush.o)
 .data          0x00800331        0x0 c:/ethernut-4.3.3/build/gcc/atmega2561/lib\libnutcrt.a(fileno.o)
 .data          0x00800331       0x10 c:/ethernut-4.3.3/build/gcc/atmega2561/lib\libnutcrt.a(fopen.o)
                0x00800331                __iob
 .data          0x00800341        0x0 c:/ethernut-4.3.3/build/gcc/atmega2561/lib\libnutcrt.a(freopen.o)
 .data          0x00800341        0x0 c:/ethernut-4.3.3/build/gcc/atmega2561/lib\libnutcrt.a(fputc.o)
 .data          0x00800341        0x0 c:/ethernut-4.3.3/build/gcc/atmega2561/lib\libnutcrt.a(fputs.o)
 .data          0x00800341        0x0 c:/ethernut-4.3.3/build/gcc/atmega2561/lib\libnutcrt.a(fputs_p.o)
 .data          0x00800341        0x0 c:/ethernut-4.3.3/build/gcc/atmega2561/lib\libnutcrt.a(vfprintf_p.o)
 .data          0x00800341        0x0 c:/ethernut-4.3.3/build/gcc/atmega2561/lib\libnutcrt.a(time.o)
 .data          0x00800341        0x0 c:/ethernut-4.3.3/build/gcc/atmega2561/lib\libnutcrt.a(errno.o)
 .data          0x00800341        0x0 c:/ethernut-4.3.3/build/gcc/atmega2561/lib\libnutcrt.a(malloc.o)
 .data          0x00800341       0x49 c:/ethernut-4.3.3/build/gcc/atmega2561/lib\libnutcrt.a(putf.o)
 .data          0x0080038a        0x0 c:/ethernut-4.3.3/build/gcc/atmega2561/lib\libnutcrt.a(write.o)
 .data          0x0080038a        0x0 c:/ethernut-4.3.3/build/gcc/atmega2561/lib\libnutcrt.a(write_p.o)
 .data          0x0080038a        0x0 c:/ethernut-4.3.3/build/gcc/atmega2561/lib\libnutcrt.a(fmode.o)
 .data          0x0080038a        0x0 c:/winavr-20070525/bin/../lib/gcc/avr/4.1.2/avr6\libgcc.a(_mulsi3.o)
 .data          0x0080038a        0x0 c:/winavr-20070525/bin/../lib/gcc/avr/4.1.2/avr6\libgcc.a(_udivmodqi4.o)
 .data          0x0080038a        0x0 c:/winavr-20070525/bin/../lib/gcc/avr/4.1.2/avr6\libgcc.a(_udivmodhi4.o)
 .data          0x0080038a        0x0 c:/winavr-20070525/bin/../lib/gcc/avr/4.1.2/avr6\libgcc.a(_divmodhi4.o)
 .data          0x0080038a        0x0 c:/winavr-20070525/bin/../lib/gcc/avr/4.1.2/avr6\libgcc.a(_udivmodsi4.o)
 .data          0x0080038a        0x0 c:/winavr-20070525/bin/../lib/gcc/avr/4.1.2/avr6\libgcc.a(_exit.o)
 .data          0x0080038a        0x0 c:/winavr-20070525/bin/../lib/gcc/avr/4.1.2/avr6\libgcc.a(_clear_bss.o)
 .data          0x0080038a        0x0 c:/winavr-20070525/bin/../lib/gcc/avr/4.1.2/../../../../avr/lib/avr6\libc.a(toupper.o)
 .data          0x0080038a        0x0 c:/winavr-20070525/bin/../lib/gcc/avr/4.1.2/../../../../avr/lib/avr6\libc.a(memcpy_P.o)
 .data          0x0080038a        0x0 c:/winavr-20070525/bin/../lib/gcc/avr/4.1.2/../../../../avr/lib/avr6\libc.a(strcpy_P.o)
 .data          0x0080038a        0x0 c:/winavr-20070525/bin/../lib/gcc/avr/4.1.2/../../../../avr/lib/avr6\libc.a(strlen_P.o)
 .data          0x0080038a        0x0 c:/winavr-20070525/bin/../lib/gcc/avr/4.1.2/../../../../avr/lib/avr6\libc.a(memchr.o)
 .data          0x0080038a        0x0 c:/winavr-20070525/bin/../lib/gcc/avr/4.1.2/../../../../avr/lib/avr6\libc.a(memcmp.o)
 .data          0x0080038a        0x0 c:/winavr-20070525/bin/../lib/gcc/avr/4.1.2/../../../../avr/lib/avr6\libc.a(memcpy.o)
 .data          0x0080038a        0x0 c:/winavr-20070525/bin/../lib/gcc/avr/4.1.2/../../../../avr/lib/avr6\libc.a(memset.o)
 .data          0x0080038a        0x0 c:/winavr-20070525/bin/../lib/gcc/avr/4.1.2/../../../../avr/lib/avr6\libc.a(strchr.o)
 .data          0x0080038a        0x0 c:/winavr-20070525/bin/../lib/gcc/avr/4.1.2/../../../../avr/lib/avr6\libc.a(strcmp.o)
 .data          0x0080038a        0x0 c:/winavr-20070525/bin/../lib/gcc/avr/4.1.2/../../../../avr/lib/avr6\libc.a(strcpy.o)
 .data          0x0080038a        0x0 c:/winavr-20070525/bin/../lib/gcc/avr/4.1.2/../../../../avr/lib/avr6\libc.a(ee_rb.1F2021.o)
 .data          0x0080038a        0x0 c:/winavr-20070525/bin/../lib/gcc/avr/4.1.2/../../../../avr/lib/avr6\libc.a(ee_wb.1F2021.o)
 .data          0x0080038a        0x0 c:/winavr-20070525/bin/../lib/gcc/avr/4.1.2/../../../../avr/lib/avr6\libc.a(isalpha.o)
 .data          0x0080038a        0x0 c:/winavr-20070525/bin/../lib/gcc/avr/4.1.2/../../../../avr/lib/avr6\libc.a(cty_isfalse.o)
 *(.data*)
 *(.rodata)
 *(.rodata*)
 *(.gnu.linkonce.d*)
                0x0080038a                . = ALIGN (0x2)
                0x0080038a                _edata = .
                0x0080038a                PROVIDE (__data_end, .)

.bss            0x0080038a      0x38a
                0x0080038a                PROVIDE (__bss_start, .)
 *(.bss)
 .bss           0x0080038a        0x0 c:/winavr-20070525/bin/../lib/gcc/avr/4.1.2/../../../../avr/lib/avr6/crtm2561.o
 .bss           0x0080038a        0x0 ./source/main.o
 .bss           0x0080038a        0x2 ./source/uart0driver.o
 .bss           0x0080038c        0x3 ./source/log.o
 .bss           0x0080038f        0x1 ./source/led.o
 .bss           0x00800390       0x18 ./source/keyboard.o
 .bss           0x008003a8        0x0 ./source/display.o
 .bss           0x008003a8        0x3 ./source/vs10xx.o
 .bss           0x008003ab        0x2 ./source/remcon.o
 .bss           0x008003ad        0x2 ./source/watchdog.o
 .bss           0x008003af        0x7 ./source/mmc.o
 .bss           0x008003b6        0x1 ./source/spidrv.o
 .bss           0x008003b7        0xf ./source/mmcdrv.o
 .bss           0x008003c6       0x70 ./source/fat.o
 .bss           0x00800436        0xa ./source/flash.o
 .bss           0x00800440        0x4 ./source/rtc.o
 .bss           0x00800444        0x1 c:/ethernut-4.3.3/build/gcc/atmega2561/lib/nutinit.o
                0x00800444                ms62_5
 .bss           0x00800445        0x2 c:/ethernut-4.3.3/build/gcc/atmega2561/lib\libnutos.a(heap.o)
 .bss           0x00800447       0x13 c:/ethernut-4.3.3/build/gcc/atmega2561/lib\libnutos.a(bankmem.o)
 .bss           0x0080045a        0x0 c:/ethernut-4.3.3/build/gcc/atmega2561/lib\libnutos.a(thread.o)
 .bss           0x0080045a        0x4 c:/ethernut-4.3.3/build/gcc/atmega2561/lib\libnutos.a(timer.o)
 .bss           0x0080045e        0x0 c:/ethernut-4.3.3/build/gcc/atmega2561/lib\libnutos.a(event.o)
 .bss           0x0080045e        0x2 c:/ethernut-4.3.3/build/gcc/atmega2561/lib\libnutos.a(devreg.o)
                0x0080045e                nutDeviceList
 .bss           0x00800460        0x0 c:/ethernut-4.3.3/build/gcc/atmega2561/lib\libnutos.a(confos.o)
 .bss           0x00800460        0x0 c:/ethernut-4.3.3/build/gcc/atmega2561/lib\libnutdev.a(ihndlr.o)
 .bss           0x00800460        0x0 c:/ethernut-4.3.3/build/gcc/atmega2561/lib\libnutdev.a(nvmem.o)
 .bss           0x00800460        0x0 c:/ethernut-4.3.3/build/gcc/atmega2561/lib\libnutarch.a(context_gcc.o)
 .bss           0x00800460        0x4 c:/ethernut-4.3.3/build/gcc/atmega2561/lib\libnutarch.a(ostimer.o)
 .bss           0x00800464        0x0 c:/ethernut-4.3.3/build/gcc/atmega2561/lib\libnutarch.a(ih_int4.o)
 .bss           0x00800464        0x0 c:/ethernut-4.3.3/build/gcc/atmega2561/lib\libnutarch.a(ih_int6.o)
 .bss           0x00800464        0x0 c:/ethernut-4.3.3/build/gcc/atmega2561/lib\libnutarch.a(ih_timer0_ovf.o)
 .bss           0x00800464        0x0 c:/ethernut-4.3.3/build/gcc/atmega2561/lib\libnutarch.a(ih_timer2_comp.o)
 .bss           0x00800464      0x21c c:/ethernut-4.3.3/build/gcc/atmega2561/lib\libnutarch.a(uart0.o)
 .bss           0x00800680        0x0 c:/ethernut-4.3.3/build/gcc/atmega2561/lib\libnutarch.a(uartavr.o)
 .bss           0x00800680       0x1f c:/ethernut-4.3.3/build/gcc/atmega2561/lib\libnutarch.a(twif.o)
 .bss           0x0080069f        0x0 c:/ethernut-4.3.3/build/gcc/atmega2561/lib\libnutarch.a(eeprom.o)
 .bss           0x0080069f        0x0 c:/ethernut-4.3.3/build/gcc/atmega2561/lib\libnutarch.a(ih_twi.o)
 .bss           0x0080069f        0x0 c:/ethernut-4.3.3/build/gcc/atmega2561/lib\libnutarch.a(ih_usart0_rx.o)
 .bss           0x0080069f        0x0 c:/ethernut-4.3.3/build/gcc/atmega2561/lib\libnutarch.a(ih_usart0_tx.o)
 .bss           0x0080069f        0x0 c:/ethernut-4.3.3/build/gcc/atmega2561/lib\libnutarch.a(ih_usart1_rx.o)
 .bss           0x0080069f        0x0 c:/ethernut-4.3.3/build/gcc/atmega2561/lib\libnutarch.a(ih_usart1_tx.o)
 .bss           0x0080069f        0x0 c:/ethernut-4.3.3/build/gcc/atmega2561/lib\libnutcrt.a(close.o)
 .bss           0x0080069f        0x0 c:/ethernut-4.3.3/build/gcc/atmega2561/lib\libnutcrt.a(ioctl.o)
 .bss           0x0080069f        0x0 c:/ethernut-4.3.3/build/gcc/atmega2561/lib\libnutcrt.a(open.o)
 .bss           0x0080069f        0x0 c:/ethernut-4.3.3/build/gcc/atmega2561/lib\libnutcrt.a(fclose.o)
 .bss           0x0080069f        0x0 c:/ethernut-4.3.3/build/gcc/atmega2561/lib\libnutcrt.a(fflush.o)
 .bss           0x0080069f        0x0 c:/ethernut-4.3.3/build/gcc/atmega2561/lib\libnutcrt.a(fileno.o)
 .bss           0x0080069f        0x0 c:/ethernut-4.3.3/build/gcc/atmega2561/lib\libnutcrt.a(fopen.o)
 .bss           0x0080069f        0x0 c:/ethernut-4.3.3/build/gcc/atmega2561/lib\libnutcrt.a(freopen.o)
 .bss           0x0080069f        0x0 c:/ethernut-4.3.3/build/gcc/atmega2561/lib\libnutcrt.a(fputc.o)
 .bss           0x0080069f        0x0 c:/ethernut-4.3.3/build/gcc/atmega2561/lib\libnutcrt.a(fputs.o)
 .bss           0x0080069f        0x0 c:/ethernut-4.3.3/build/gcc/atmega2561/lib\libnutcrt.a(fputs_p.o)
 .bss           0x0080069f        0x0 c:/ethernut-4.3.3/build/gcc/atmega2561/lib\libnutcrt.a(vfprintf_p.o)
 .bss           0x0080069f        0x4 c:/ethernut-4.3.3/build/gcc/atmega2561/lib\libnutcrt.a(time.o)
 .bss           0x008006a3        0x0 c:/ethernut-4.3.3/build/gcc/atmega2561/lib\libnutcrt.a(errno.o)
 .bss           0x008006a3        0x0 c:/ethernut-4.3.3/build/gcc/atmega2561/lib\libnutcrt.a(malloc.o)
 .bss           0x008006a3        0x0 c:/ethernut-4.3.3/build/gcc/atmega2561/lib\libnutcrt.a(putf.o)
 .bss           0x008006a3        0x0 c:/ethernut-4.3.3/build/gcc/atmega2561/lib\libnutcrt.a(write.o)
 .bss           0x008006a3        0x0 c:/ethernut-4.3.3/build/gcc/atmega2561/lib\libnutcrt.a(write_p.o)
 .bss           0x008006a3        0x0 c:/ethernut-4.3.3/build/gcc/atmega2561/lib\libnutcrt.a(fmode.o)
 .bss           0x008006a3        0x0 c:/winavr-20070525/bin/../lib/gcc/avr/4.1.2/avr6\libgcc.a(_mulsi3.o)
 .bss           0x008006a3        0x0 c:/winavr-20070525/bin/../lib/gcc/avr/4.1.2/avr6\libgcc.a(_udivmodqi4.o)
 .bss           0x008006a3        0x0 c:/winavr-20070525/bin/../lib/gcc/avr/4.1.2/avr6\libgcc.a(_udivmodhi4.o)
 .bss           0x008006a3        0x0 c:/winavr-20070525/bin/../lib/gcc/avr/4.1.2/avr6\libgcc.a(_divmodhi4.o)
 .bss           0x008006a3        0x0 c:/winavr-20070525/bin/../lib/gcc/avr/4.1.2/avr6\libgcc.a(_udivmodsi4.o)
 .bss           0x008006a3        0x0 c:/winavr-20070525/bin/../lib/gcc/avr/4.1.2/avr6\libgcc.a(_exit.o)
 .bss           0x008006a3        0x0 c:/winavr-20070525/bin/../lib/gcc/avr/4.1.2/avr6\libgcc.a(_clear_bss.o)
 .bss           0x008006a3        0x0 c:/winavr-20070525/bin/../lib/gcc/avr/4.1.2/../../../../avr/lib/avr6\libc.a(toupper.o)
 .bss           0x008006a3        0x0 c:/winavr-20070525/bin/../lib/gcc/avr/4.1.2/../../../../avr/lib/avr6\libc.a(memcpy_P.o)
 .bss           0x008006a3        0x0 c:/winavr-20070525/bin/../lib/gcc/avr/4.1.2/../../../../avr/lib/avr6\libc.a(strcpy_P.o)
 .bss           0x008006a3        0x0 c:/winavr-20070525/bin/../lib/gcc/avr/4.1.2/../../../../avr/lib/avr6\libc.a(strlen_P.o)
 .bss           0x008006a3        0x0 c:/winavr-20070525/bin/../lib/gcc/avr/4.1.2/../../../../avr/lib/avr6\libc.a(memchr.o)
 .bss           0x008006a3        0x0 c:/winavr-20070525/bin/../lib/gcc/avr/4.1.2/../../../../avr/lib/avr6\libc.a(memcmp.o)
 .bss           0x008006a3        0x0 c:/winavr-20070525/bin/../lib/gcc/avr/4.1.2/../../../../avr/lib/avr6\libc.a(memcpy.o)
 .bss           0x008006a3        0x0 c:/winavr-20070525/bin/../lib/gcc/avr/4.1.2/../../../../avr/lib/avr6\libc.a(memset.o)
 .bss           0x008006a3        0x0 c:/winavr-20070525/bin/../lib/gcc/avr/4.1.2/../../../../avr/lib/avr6\libc.a(strchr.o)
 .bss           0x008006a3        0x0 c:/winavr-20070525/bin/../lib/gcc/avr/4.1.2/../../../../avr/lib/avr6\libc.a(strcmp.o)
 .bss           0x008006a3        0x0 c:/winavr-20070525/bin/../lib/gcc/avr/4.1.2/../../../../avr/lib/avr6\libc.a(strcpy.o)
 .bss           0x008006a3        0x0 c:/winavr-20070525/bin/../lib/gcc/avr/4.1.2/../../../../avr/lib/avr6\libc.a(ee_rb.1F2021.o)
 .bss           0x008006a3        0x0 c:/winavr-20070525/bin/../lib/gcc/avr/4.1.2/../../../../avr/lib/avr6\libc.a(ee_wb.1F2021.o)
 .bss           0x008006a3        0x0 c:/winavr-20070525/bin/../lib/gcc/avr/4.1.2/../../../../avr/lib/avr6\libc.a(isalpha.o)
 .bss           0x008006a3        0x0 c:/winavr-20070525/bin/../lib/gcc/avr/4.1.2/../../../../avr/lib/avr6\libc.a(cty_isfalse.o)
 *(.bss*)
 *(COMMON)
 COMMON         0x008006a3       0x40 c:/ethernut-4.3.3/build/gcc/atmega2561/lib/nutinit.o
                0x008006a3                nutmem_onchip
 COMMON         0x008006e3        0x2 c:/ethernut-4.3.3/build/gcc/atmega2561/lib\libnutos.a(heap.o)
                0x008006e3                heapFreeList
 COMMON         0x008006e5        0x8 c:/ethernut-4.3.3/build/gcc/atmega2561/lib\libnutos.a(thread.o)
                0x008006e5                nutThreadList
                0x008006e7                runQueue
                0x008006e9                runningThread
                0x008006eb                killedThread
 COMMON         0x008006ed        0xa c:/ethernut-4.3.3/build/gcc/atmega2561/lib\libnutos.a(timer.o)
                0x008006ed                nut_delay_loops
                0x008006f1                nutTimerList
                0x008006f3                nut_ticks
 COMMON         0x008006f7       0x13 c:/ethernut-4.3.3/build/gcc/atmega2561/lib\libnutos.a(confos.o)
                0x008006f7                confos
 COMMON         0x0080070a        0x8 c:/ethernut-4.3.3/build/gcc/atmega2561/lib\libnutarch.a(twif.o)
                0x0080070a                tw_mm_mutex
                0x0080070c                tw_mm_que
                0x0080070e                tw_sr_que
                0x00800710                tw_st_que
 COMMON         0x00800712        0x2 c:/ethernut-4.3.3/build/gcc/atmega2561/lib\libnutcrt.a(errno.o)
                0x00800712                errno
                0x00800714                PROVIDE (__bss_end, .)
                0x00008fda                __data_load_start = LOADADDR (.data)
                0x00009164                __data_load_end = (__data_load_start + SIZEOF (.data))

.noinit         0x00800714        0x0
                0x00800714                PROVIDE (__noinit_start, .)
 *(.noinit*)
                0x00800714                PROVIDE (__noinit_end, .)
                0x00800714                _end = .
                0x00800714                PROVIDE (__heap_start, .)

.eeprom         0x00810000        0x0
 *(.eeprom*)
                0x00810000                __eeprom_end = .

.stab           0x00000000      0x414
 *(.stab)
 .stab          0x00000000      0x414 c:/winavr-20070525/bin/../lib/gcc/avr/4.1.2/../../../../avr/lib/avr6/crtm2561.o

.stabstr        0x00000000       0x71
 *(.stabstr)
 .stabstr       0x00000000       0x71 c:/winavr-20070525/bin/../lib/gcc/avr/4.1.2/../../../../avr/lib/avr6/crtm2561.o

.stab.excl
 *(.stab.excl)

.stab.exclstr
 *(.stab.exclstr)

.stab.index
 *(.stab.index)

.stab.indexstr
 *(.stab.indexstr)

.comment
 *(.comment)

.debug
 *(.debug)

.line
 *(.line)

.debug_srcinfo
 *(.debug_srcinfo)

.debug_sfnames
 *(.debug_sfnames)

.debug_aranges
 *(.debug_aranges)

.debug_pubnames
 *(.debug_pubnames)

.debug_info
 *(.debug_info)
 *(.gnu.linkonce.wi.*)

.debug_abbrev
 *(.debug_abbrev)

.debug_line
 *(.debug_line)

.debug_frame
 *(.debug_frame)

.debug_str
 *(.debug_str)

.debug_loc
 *(.debug_loc)

.debug_macinfo
 *(.debug_macinfo)
OUTPUT(TIStreamer.elf elf32-avr)
LOAD linker stubs

Cross Reference Table

Symbol                                            File
At45dbChipErase                                   ./source/flash.o
At45dbGetStatus                                   ./source/flash.o
At45dbInit                                        ./source/flash.o
                                                  ./source/main.o
At45dbPageErase                                   ./source/flash.o
At45dbPageRead                                    ./source/flash.o
At45dbPageWrite                                   ./source/flash.o
At45dbSendCmd                                     ./source/flash.o
At45dbWaitReady                                   ./source/flash.o
CallHandler                                       c:/ethernut-4.3.3/build/gcc/atmega2561/lib\libnutdev.a(ihndlr.o)
                                                  c:/ethernut-4.3.3/build/gcc/atmega2561/lib\libnutarch.a(ih_usart1_tx.o)
                                                  c:/ethernut-4.3.3/build/gcc/atmega2561/lib\libnutarch.a(ih_usart1_rx.o)
                                                  c:/ethernut-4.3.3/build/gcc/atmega2561/lib\libnutarch.a(ih_usart0_tx.o)
                                                  c:/ethernut-4.3.3/build/gcc/atmega2561/lib\libnutarch.a(ih_usart0_rx.o)
                                                  c:/ethernut-4.3.3/build/gcc/atmega2561/lib\libnutarch.a(ih_twi.o)
                                                  c:/ethernut-4.3.3/build/gcc/atmega2561/lib\libnutarch.a(ih_timer2_comp.o)
                                                  c:/ethernut-4.3.3/build/gcc/atmega2561/lib\libnutarch.a(ih_timer0_ovf.o)
                                                  c:/ethernut-4.3.3/build/gcc/atmega2561/lib\libnutarch.a(ih_int6.o)
                                                  c:/ethernut-4.3.3/build/gcc/atmega2561/lib\libnutarch.a(ih_int4.o)
CardCheckCard                                     ./source/mmc.o
                                                  ./source/main.o
CardCheckPresent                                  ./source/mmc.o
CardClose                                         ./source/mmc.o
CardInit                                          ./source/mmc.o
                                                  ./source/main.o
CardInitCard                                      ./source/mmc.o
CardPresent                                       ./source/mmc.o
CardStatus                                        ./source/mmc.o
FATFileRead                                       ./source/fat.o
FATFileSize                                       ./source/fat.o
FATFree                                           ./source/fat.o
FATIOCtl                                          ./source/fat.o
FATLock                                           ./source/fat.o
FATRelease                                        ./source/fat.o
                                                  ./source/mmc.o
FATSemaInit                                       ./source/fat.o
GetThreadByName                                   c:/ethernut-4.3.3/build/gcc/atmega2561/lib\libnutos.a(thread.o)
                                                  ./source/mmc.o
HexDump                                           ./source/log.o
KbGetKey                                          ./source/keyboard.o
                                                  ./source/main.o
KbInit                                            ./source/keyboard.o
                                                  ./source/main.o
KbInjectKey                                       ./source/keyboard.o
                                                  ./source/mmc.o
KbScan                                            ./source/keyboard.o
                                                  ./source/main.o
KbSetKeyRepeating                                 ./source/keyboard.o
KbWaitForKeyEvent                                 ./source/keyboard.o
LcdBackLight                                      ./source/display.o
                                                  ./source/main.o
LcdChar                                           ./source/display.o
LcdLowLevelInit                                   ./source/display.o
                                                  ./source/main.o
LcdMChar                                          ./source/display.o
                                                  ./source/main.o
LedControl                                        ./source/led.o
                                                  ./source/main.o
LedGetStatus                                      ./source/led.o
LedInit                                           ./source/led.o
                                                  ./source/main.o
LogChar_P                                         ./source/log.o
LogClose                                          ./source/log.o
LogInit                                           ./source/log.o
                                                  ./source/main.o
LogMsg_P                                          ./source/log.o
                                                  ./source/mmcdrv.o
                                                  ./source/spidrv.o
                                                  ./source/mmc.o
                                                  ./source/main.o
LogOpen                                           ./source/log.o
LogSetLevel                                       ./source/log.o
MMCGetSectorSize                                  ./source/mmcdrv.o
                                                  ./source/fat.o
MMCGetTotalSectors                                ./source/mmcdrv.o
                                                  ./source/fat.o
MMCInit                                           ./source/mmcdrv.o
                                                  ./source/fat.o
MMCIsCDROMDevice                                  ./source/mmcdrv.o
                                                  ./source/fat.o
MMCIsZIPDevice                                    ./source/mmcdrv.o
                                                  ./source/fat.o
MMCMountAllDevices                                ./source/mmcdrv.o
                                                  ./source/fat.o
MMCReadSectors                                    ./source/mmcdrv.o
                                                  ./source/fat.o
MMCUnMountDevice                                  ./source/mmcdrv.o
MMCWriteSectors                                   ./source/mmcdrv.o
                                                  ./source/fat.o
NutAppMain                                        ./source/main.o
                                                  c:/ethernut-4.3.3/build/gcc/atmega2561/lib/nutinit.o
NutBufRemovePage                                  c:/ethernut-4.3.3/build/gcc/atmega2561/lib\libnutos.a(bankmem.o)
NutDelay                                          c:/ethernut-4.3.3/build/gcc/atmega2561/lib\libnutos.a(timer.o)
                                                  c:/ethernut-4.3.3/build/gcc/atmega2561/lib\libnutarch.a(uartavr.o)
                                                  ./source/vs10xx.o
                                                  ./source/display.o
                                                  ./source/main.o
NutDeviceLookup                                   c:/ethernut-4.3.3/build/gcc/atmega2561/lib\libnutos.a(devreg.o)
                                                  c:/ethernut-4.3.3/build/gcc/atmega2561/lib\libnutcrt.a(open.o)
                                                  ./source/mmc.o
NutEventBroadcast                                 c:/ethernut-4.3.3/build/gcc/atmega2561/lib\libnutos.a(event.o)
NutEventBroadcastAsync                            c:/ethernut-4.3.3/build/gcc/atmega2561/lib\libnutos.a(event.o)
NutEventPost                                      c:/ethernut-4.3.3/build/gcc/atmega2561/lib\libnutos.a(event.o)
                                                  c:/ethernut-4.3.3/build/gcc/atmega2561/lib\libnutarch.a(twif.o)
                                                  ./source/fat.o
                                                  ./source/mmcdrv.o
NutEventPostAsync                                 c:/ethernut-4.3.3/build/gcc/atmega2561/lib\libnutos.a(event.o)
                                                  c:/ethernut-4.3.3/build/gcc/atmega2561/lib\libnutos.a(thread.o)
NutEventTimeout                                   c:/ethernut-4.3.3/build/gcc/atmega2561/lib\libnutos.a(event.o)
NutEventWait                                      c:/ethernut-4.3.3/build/gcc/atmega2561/lib\libnutos.a(event.o)
                                                  c:/ethernut-4.3.3/build/gcc/atmega2561/lib\libnutarch.a(twif.o)
                                                  c:/ethernut-4.3.3/build/gcc/atmega2561/lib\libnutarch.a(uartavr.o)
                                                  ./source/fat.o
                                                  ./source/mmcdrv.o
                                                  ./source/keyboard.o
NutEventWaitNext                                  c:/ethernut-4.3.3/build/gcc/atmega2561/lib\libnutos.a(event.o)
NutGetCpuClock                                    c:/ethernut-4.3.3/build/gcc/atmega2561/lib\libnutarch.a(ostimer.o)
                                                  c:/ethernut-4.3.3/build/gcc/atmega2561/lib\libnutarch.a(twif.o)
                                                  c:/ethernut-4.3.3/build/gcc/atmega2561/lib\libnutarch.a(uartavr.o)
NutGetMillis                                      c:/ethernut-4.3.3/build/gcc/atmega2561/lib\libnutos.a(timer.o)
NutGetSeconds                                     c:/ethernut-4.3.3/build/gcc/atmega2561/lib\libnutos.a(timer.o)
                                                  c:/ethernut-4.3.3/build/gcc/atmega2561/lib\libnutcrt.a(time.o)
NutGetTickClock                                   c:/ethernut-4.3.3/build/gcc/atmega2561/lib\libnutarch.a(ostimer.o)
                                                  c:/ethernut-4.3.3/build/gcc/atmega2561/lib\libnutos.a(timer.o)
NutGetTickCount                                   c:/ethernut-4.3.3/build/gcc/atmega2561/lib\libnutos.a(timer.o)
NutHeapAdd                                        c:/ethernut-4.3.3/build/gcc/atmega2561/lib\libnutos.a(heap.o)
                                                  c:/ethernut-4.3.3/build/gcc/atmega2561/lib/nutinit.o
NutHeapAlloc                                      c:/ethernut-4.3.3/build/gcc/atmega2561/lib\libnutos.a(heap.o)
                                                  c:/ethernut-4.3.3/build/gcc/atmega2561/lib\libnutcrt.a(malloc.o)
                                                  c:/ethernut-4.3.3/build/gcc/atmega2561/lib\libnutcrt.a(vfprintf_p.o)
                                                  c:/ethernut-4.3.3/build/gcc/atmega2561/lib\libnutarch.a(uartavr.o)
                                                  c:/ethernut-4.3.3/build/gcc/atmega2561/lib\libnutarch.a(context_gcc.o)
                                                  c:/ethernut-4.3.3/build/gcc/atmega2561/lib\libnutos.a(timer.o)
                                                  ./source/fat.o
NutHeapAllocClear                                 c:/ethernut-4.3.3/build/gcc/atmega2561/lib\libnutos.a(heap.o)
NutHeapAvailable                                  c:/ethernut-4.3.3/build/gcc/atmega2561/lib\libnutos.a(heap.o)
NutHeapFree                                       c:/ethernut-4.3.3/build/gcc/atmega2561/lib\libnutos.a(heap.o)
                                                  c:/ethernut-4.3.3/build/gcc/atmega2561/lib\libnutcrt.a(malloc.o)
                                                  c:/ethernut-4.3.3/build/gcc/atmega2561/lib\libnutcrt.a(vfprintf_p.o)
                                                  c:/ethernut-4.3.3/build/gcc/atmega2561/lib\libnutarch.a(uartavr.o)
                                                  c:/ethernut-4.3.3/build/gcc/atmega2561/lib\libnutos.a(timer.o)
                                                  c:/ethernut-4.3.3/build/gcc/atmega2561/lib\libnutos.a(thread.o)
                                                  ./source/fat.o
NutIdle                                           c:/ethernut-4.3.3/build/gcc/atmega2561/lib/nutinit.o
NutInit                                           c:/ethernut-4.3.3/build/gcc/atmega2561/lib/nutinit.o
NutIrqDisable                                     c:/ethernut-4.3.3/build/gcc/atmega2561/lib\libnutdev.a(ihndlr.o)
NutIrqEnable                                      c:/ethernut-4.3.3/build/gcc/atmega2561/lib\libnutdev.a(ihndlr.o)
NutIrqSetMode                                     c:/ethernut-4.3.3/build/gcc/atmega2561/lib\libnutdev.a(ihndlr.o)
                                                  ./source/vs10xx.o
NutIrqSetPriority                                 c:/ethernut-4.3.3/build/gcc/atmega2561/lib\libnutdev.a(ihndlr.o)
NutLoadConfig                                     c:/ethernut-4.3.3/build/gcc/atmega2561/lib\libnutos.a(confos.o)
                                                  c:/ethernut-4.3.3/build/gcc/atmega2561/lib/nutinit.o
NutMicroDelay                                     c:/ethernut-4.3.3/build/gcc/atmega2561/lib\libnutos.a(timer.o)
NutNvMemLoad                                      c:/ethernut-4.3.3/build/gcc/atmega2561/lib\libnutdev.a(nvmem.o)
                                                  c:/ethernut-4.3.3/build/gcc/atmega2561/lib\libnutos.a(confos.o)
NutNvMemSave                                      c:/ethernut-4.3.3/build/gcc/atmega2561/lib\libnutdev.a(nvmem.o)
                                                  c:/ethernut-4.3.3/build/gcc/atmega2561/lib\libnutos.a(confos.o)
NutRegisterDevice                                 c:/ethernut-4.3.3/build/gcc/atmega2561/lib\libnutos.a(devreg.o)
                                                  ./source/mmc.o
                                                  ./source/uart0driver.o
NutRegisterIrqHandler                             c:/ethernut-4.3.3/build/gcc/atmega2561/lib\libnutdev.a(ihndlr.o)
                                                  c:/ethernut-4.3.3/build/gcc/atmega2561/lib\libnutarch.a(twif.o)
                                                  c:/ethernut-4.3.3/build/gcc/atmega2561/lib\libnutarch.a(uartavr.o)
                                                  c:/ethernut-4.3.3/build/gcc/atmega2561/lib\libnutarch.a(ostimer.o)
                                                  ./source/remcon.o
                                                  ./source/vs10xx.o
                                                  ./source/main.o
NutRegisterTimer                                  c:/ethernut-4.3.3/build/gcc/atmega2561/lib\libnutarch.a(ostimer.o)
                                                  c:/ethernut-4.3.3/build/gcc/atmega2561/lib\libnutos.a(timer.o)
NutSaveConfig                                     c:/ethernut-4.3.3/build/gcc/atmega2561/lib\libnutos.a(confos.o)
                                                  c:/ethernut-4.3.3/build/gcc/atmega2561/lib/nutinit.o
NutSegBufAvailable                                c:/ethernut-4.3.3/build/gcc/atmega2561/lib\libnutos.a(bankmem.o)
NutSegBufInit                                     c:/ethernut-4.3.3/build/gcc/atmega2561/lib\libnutos.a(bankmem.o)
NutSegBufReadCommit                               c:/ethernut-4.3.3/build/gcc/atmega2561/lib\libnutos.a(bankmem.o)
                                                  ./source/vs10xx.o
NutSegBufReadLast                                 c:/ethernut-4.3.3/build/gcc/atmega2561/lib\libnutos.a(bankmem.o)
                                                  ./source/vs10xx.o
NutSegBufReadRequest                              c:/ethernut-4.3.3/build/gcc/atmega2561/lib\libnutos.a(bankmem.o)
                                                  ./source/vs10xx.o
NutSegBufReset                                    c:/ethernut-4.3.3/build/gcc/atmega2561/lib\libnutos.a(bankmem.o)
NutSegBufUsed                                     c:/ethernut-4.3.3/build/gcc/atmega2561/lib\libnutos.a(bankmem.o)
NutSegBufWriteCommit                              c:/ethernut-4.3.3/build/gcc/atmega2561/lib\libnutos.a(bankmem.o)
NutSegBufWriteLast                                c:/ethernut-4.3.3/build/gcc/atmega2561/lib\libnutos.a(bankmem.o)
NutSegBufWriteRequest                             c:/ethernut-4.3.3/build/gcc/atmega2561/lib\libnutos.a(bankmem.o)
NutSleep                                          c:/ethernut-4.3.3/build/gcc/atmega2561/lib\libnutos.a(timer.o)
                                                  c:/ethernut-4.3.3/build/gcc/atmega2561/lib\libnutarch.a(twif.o)
                                                  ./source/rtc.o
                                                  ./source/flash.o
                                                  ./source/mmc.o
                                                  ./source/main.o
NutThreadAddPriQueue                              c:/ethernut-4.3.3/build/gcc/atmega2561/lib\libnutos.a(thread.o)
                                                  c:/ethernut-4.3.3/build/gcc/atmega2561/lib\libnutarch.a(context_gcc.o)
                                                  c:/ethernut-4.3.3/build/gcc/atmega2561/lib\libnutos.a(event.o)
NutThreadCreate                                   c:/ethernut-4.3.3/build/gcc/atmega2561/lib\libnutarch.a(context_gcc.o)
                                                  c:/ethernut-4.3.3/build/gcc/atmega2561/lib/nutinit.o
                                                  ./source/mmc.o
NutThreadDestroy                                  c:/ethernut-4.3.3/build/gcc/atmega2561/lib\libnutos.a(thread.o)
                                                  c:/ethernut-4.3.3/build/gcc/atmega2561/lib/nutinit.o
NutThreadExit                                     c:/ethernut-4.3.3/build/gcc/atmega2561/lib\libnutos.a(thread.o)
NutThreadKill                                     c:/ethernut-4.3.3/build/gcc/atmega2561/lib\libnutos.a(thread.o)
NutThreadRemoveQueue                              c:/ethernut-4.3.3/build/gcc/atmega2561/lib\libnutos.a(thread.o)
                                                  c:/ethernut-4.3.3/build/gcc/atmega2561/lib\libnutos.a(event.o)
                                                  c:/ethernut-4.3.3/build/gcc/atmega2561/lib\libnutos.a(timer.o)
NutThreadResume                                   c:/ethernut-4.3.3/build/gcc/atmega2561/lib\libnutos.a(thread.o)
                                                  c:/ethernut-4.3.3/build/gcc/atmega2561/lib\libnutos.a(event.o)
                                                  c:/ethernut-4.3.3/build/gcc/atmega2561/lib\libnutos.a(timer.o)
NutThreadSetPriority                              c:/ethernut-4.3.3/build/gcc/atmega2561/lib\libnutos.a(thread.o)
                                                  c:/ethernut-4.3.3/build/gcc/atmega2561/lib/nutinit.o
                                                  ./source/main.o
NutThreadSetSleepMode                             c:/ethernut-4.3.3/build/gcc/atmega2561/lib/nutinit.o
NutThreadSwitch                                   c:/ethernut-4.3.3/build/gcc/atmega2561/lib\libnutarch.a(context_gcc.o)
                                                  c:/ethernut-4.3.3/build/gcc/atmega2561/lib\libnutos.a(thread.o)
NutThreadWake                                     c:/ethernut-4.3.3/build/gcc/atmega2561/lib\libnutos.a(thread.o)
                                                  c:/ethernut-4.3.3/build/gcc/atmega2561/lib\libnutos.a(timer.o)
NutThreadYield                                    c:/ethernut-4.3.3/build/gcc/atmega2561/lib\libnutos.a(thread.o)
                                                  c:/ethernut-4.3.3/build/gcc/atmega2561/lib\libnutos.a(event.o)
                                                  c:/ethernut-4.3.3/build/gcc/atmega2561/lib\libnutos.a(timer.o)
                                                  c:/ethernut-4.3.3/build/gcc/atmega2561/lib/nutinit.o
NutTimerCreate                                    c:/ethernut-4.3.3/build/gcc/atmega2561/lib\libnutos.a(timer.o)
NutTimerInit                                      c:/ethernut-4.3.3/build/gcc/atmega2561/lib\libnutos.a(timer.o)
                                                  c:/ethernut-4.3.3/build/gcc/atmega2561/lib/nutinit.o
NutTimerInsert                                    c:/ethernut-4.3.3/build/gcc/atmega2561/lib\libnutos.a(timer.o)
NutTimerMillisToTicks                             c:/ethernut-4.3.3/build/gcc/atmega2561/lib\libnutarch.a(ostimer.o)
                                                  c:/ethernut-4.3.3/build/gcc/atmega2561/lib\libnutos.a(timer.o)
NutTimerProcessElapsed                            c:/ethernut-4.3.3/build/gcc/atmega2561/lib\libnutos.a(timer.o)
                                                  c:/ethernut-4.3.3/build/gcc/atmega2561/lib\libnutos.a(thread.o)
NutTimerStart                                     c:/ethernut-4.3.3/build/gcc/atmega2561/lib\libnutos.a(timer.o)
                                                  c:/ethernut-4.3.3/build/gcc/atmega2561/lib\libnutos.a(event.o)
NutTimerStartTicks                                c:/ethernut-4.3.3/build/gcc/atmega2561/lib\libnutos.a(timer.o)
NutTimerStop                                      c:/ethernut-4.3.3/build/gcc/atmega2561/lib\libnutos.a(timer.o)
                                                  c:/ethernut-4.3.3/build/gcc/atmega2561/lib\libnutos.a(event.o)
OnChipNvMemLoad                                   c:/ethernut-4.3.3/build/gcc/atmega2561/lib\libnutarch.a(eeprom.o)
                                                  c:/ethernut-4.3.3/build/gcc/atmega2561/lib\libnutdev.a(nvmem.o)
OnChipNvMemSave                                   c:/ethernut-4.3.3/build/gcc/atmega2561/lib\libnutarch.a(eeprom.o)
                                                  c:/ethernut-4.3.3/build/gcc/atmega2561/lib\libnutdev.a(nvmem.o)
RcInit                                            ./source/remcon.o
                                                  ./source/main.o
SPIdeselect                                       ./source/spidrv.o
                                                  ./source/flash.o
                                                  ./source/mmcdrv.o
                                                  ./source/vs10xx.o
SPIgetByte                                        ./source/spidrv.o
                                                  ./source/mmcdrv.o
                                                  ./source/vs10xx.o
SPIgetmode                                        ./source/spidrv.o
                                                  ./source/vs10xx.o
SPIinit                                           ./source/spidrv.o
                                                  ./source/main.o
SPImode                                           ./source/spidrv.o
                                                  ./source/vs10xx.o
SPIputByte                                        ./source/spidrv.o
                                                  ./source/mmcdrv.o
                                                  ./source/vs10xx.o
SPIselect                                         ./source/spidrv.o
                                                  ./source/flash.o
                                                  ./source/mmcdrv.o
                                                  ./source/vs10xx.o
SPItransferByte                                   ./source/spidrv.o
                                                  ./source/flash.o
SysInitIO                                         ./source/main.o
TwIOCtl                                           c:/ethernut-4.3.3/build/gcc/atmega2561/lib\libnutarch.a(twif.o)
TwInit                                            c:/ethernut-4.3.3/build/gcc/atmega2561/lib\libnutarch.a(twif.o)
                                                  ./source/rtc.o
TwMasterError                                     c:/ethernut-4.3.3/build/gcc/atmega2561/lib\libnutarch.a(twif.o)
TwMasterTransact                                  c:/ethernut-4.3.3/build/gcc/atmega2561/lib\libnutarch.a(twif.o)
                                                  ./source/rtc.o
TwSlaveError                                      c:/ethernut-4.3.3/build/gcc/atmega2561/lib\libnutarch.a(twif.o)
TwSlaveListen                                     c:/ethernut-4.3.3/build/gcc/atmega2561/lib\libnutarch.a(twif.o)
TwSlaveRespond                                    c:/ethernut-4.3.3/build/gcc/atmega2561/lib\libnutarch.a(twif.o)
Uart0DriverGetStream                              ./source/uart0driver.o
                                                  ./source/log.o
Uart0DriverInit                                   ./source/uart0driver.o
                                                  ./source/main.o
Uart0DriverSetCookedMode                          ./source/uart0driver.o
Uart0DriverStart                                  ./source/uart0driver.o
                                                  ./source/main.o
Uart0DriverStop                                   ./source/uart0driver.o
UartAvrClose                                      c:/ethernut-4.3.3/build/gcc/atmega2561/lib\libnutarch.a(uartavr.o)
                                                  c:/ethernut-4.3.3/build/gcc/atmega2561/lib\libnutarch.a(uart0.o)
UartAvrFlush                                      c:/ethernut-4.3.3/build/gcc/atmega2561/lib\libnutarch.a(uartavr.o)
UartAvrIOCtl                                      c:/ethernut-4.3.3/build/gcc/atmega2561/lib\libnutarch.a(uartavr.o)
                                                  c:/ethernut-4.3.3/build/gcc/atmega2561/lib\libnutarch.a(uart0.o)
UartAvrInit                                       c:/ethernut-4.3.3/build/gcc/atmega2561/lib\libnutarch.a(uartavr.o)
                                                  c:/ethernut-4.3.3/build/gcc/atmega2561/lib\libnutarch.a(uart0.o)
UartAvrInput                                      c:/ethernut-4.3.3/build/gcc/atmega2561/lib\libnutarch.a(uartavr.o)
UartAvrOpen                                       c:/ethernut-4.3.3/build/gcc/atmega2561/lib\libnutarch.a(uartavr.o)
                                                  c:/ethernut-4.3.3/build/gcc/atmega2561/lib\libnutarch.a(uart0.o)
UartAvrOutput                                     c:/ethernut-4.3.3/build/gcc/atmega2561/lib\libnutarch.a(uartavr.o)
UartAvrPut                                        c:/ethernut-4.3.3/build/gcc/atmega2561/lib\libnutarch.a(uartavr.o)
UartAvrRead                                       c:/ethernut-4.3.3/build/gcc/atmega2561/lib\libnutarch.a(uartavr.o)
                                                  c:/ethernut-4.3.3/build/gcc/atmega2561/lib\libnutarch.a(uart0.o)
UartAvrSize                                       c:/ethernut-4.3.3/build/gcc/atmega2561/lib\libnutarch.a(uartavr.o)
                                                  c:/ethernut-4.3.3/build/gcc/atmega2561/lib\libnutarch.a(uart0.o)
UartAvrWrite                                      c:/ethernut-4.3.3/build/gcc/atmega2561/lib\libnutarch.a(uartavr.o)
                                                  c:/ethernut-4.3.3/build/gcc/atmega2561/lib\libnutarch.a(uart0.o)
UartAvrWrite_P                                    c:/ethernut-4.3.3/build/gcc/atmega2561/lib\libnutarch.a(uartavr.o)
                                                  c:/ethernut-4.3.3/build/gcc/atmega2561/lib\libnutarch.a(uart0.o)
VsBeep                                            ./source/vs10xx.o
VsBeepStart                                       ./source/vs10xx.o
VsBeepStartRaw                                    ./source/vs10xx.o
VsBeepStop                                        ./source/vs10xx.o
VsGetStatus                                       ./source/vs10xx.o
VsGetType                                         ./source/vs10xx.o
VsGetTypeHex                                      ./source/vs10xx.o
VsGetVolume                                       ./source/vs10xx.o
VsMemoryTest                                      ./source/vs10xx.o
VsPlayerInit                                      ./source/vs10xx.o
VsPlayerInterrupts                                ./source/vs10xx.o
                                                  ./source/mmc.o
VsPlayerKick                                      ./source/vs10xx.o
VsPlayerReset                                     ./source/vs10xx.o
VsPlayerSetMode                                   ./source/vs10xx.o
VsPlayerStop                                      ./source/vs10xx.o
VsRegInfo                                         ./source/vs10xx.o
VsRegWrite                                        ./source/vs10xx.o
VsSetVolume                                       ./source/vs10xx.o
VsStreamValid                                     ./source/vs10xx.o
WatchDogDisable                                   ./source/watchdog.o
                                                  ./source/main.o
WatchDogEnable                                    ./source/watchdog.o
WatchDogRestart                                   ./source/watchdog.o
                                                  ./source/vs10xx.o
                                                  ./source/main.o
WatchDogStart                                     ./source/watchdog.o
X12EepromRead                                     ./source/rtc.o
X12EepromWrite                                    ./source/rtc.o
X12Init                                           ./source/rtc.o
                                                  ./source/main.o
X12RtcClearStatus                                 ./source/rtc.o
X12RtcGetAlarm                                    ./source/rtc.o
X12RtcGetClock                                    ./source/rtc.o
                                                  ./source/main.o
X12RtcGetStatus                                   ./source/rtc.o
X12RtcReadRegs                                    ./source/rtc.o
X12RtcSetAlarm                                    ./source/rtc.o
X12RtcSetClock                                    ./source/rtc.o
X12RtcWrite                                       ./source/rtc.o
__bad_interrupt                                   c:/winavr-20070525/bin/../lib/gcc/avr/4.1.2/../../../../avr/lib/avr6/crtm2561.o
__bss_end                                         c:/winavr-20070525/bin/../lib/gcc/avr/4.1.2/avr6\libgcc.a(_clear_bss.o)
__bss_start                                       c:/winavr-20070525/bin/../lib/gcc/avr/4.1.2/avr6\libgcc.a(_clear_bss.o)
__ctype_isfalse                                   c:/winavr-20070525/bin/../lib/gcc/avr/4.1.2/../../../../avr/lib/avr6\libc.a(cty_isfalse.o)
                                                  c:/winavr-20070525/bin/../lib/gcc/avr/4.1.2/../../../../avr/lib/avr6\libc.a(isalpha.o)
__ctype_istrue                                    c:/winavr-20070525/bin/../lib/gcc/avr/4.1.2/../../../../avr/lib/avr6\libc.a(cty_isfalse.o)
__data_end                                        c:/winavr-20070525/bin/../lib/gcc/avr/4.1.2/../../../../avr/lib/avr6/crtm2561.o
__data_load_start                                 c:/winavr-20070525/bin/../lib/gcc/avr/4.1.2/../../../../avr/lib/avr6/crtm2561.o
__data_start                                      c:/winavr-20070525/bin/../lib/gcc/avr/4.1.2/../../../../avr/lib/avr6/crtm2561.o
__divmodhi4                                       c:/winavr-20070525/bin/../lib/gcc/avr/4.1.2/avr6\libgcc.a(_divmodhi4.o)
                                                  ./source/rtc.o
                                                  ./source/fat.o
                                                  ./source/vs10xx.o
                                                  ./source/main.o
__do_clear_bss                                    c:/winavr-20070525/bin/../lib/gcc/avr/4.1.2/avr6\libgcc.a(_clear_bss.o)
                                                  c:/ethernut-4.3.3/build/gcc/atmega2561/lib\libnutcrt.a(fmode.o)
                                                  c:/ethernut-4.3.3/build/gcc/atmega2561/lib\libnutcrt.a(write_p.o)
                                                  c:/ethernut-4.3.3/build/gcc/atmega2561/lib\libnutcrt.a(write.o)
                                                  c:/ethernut-4.3.3/build/gcc/atmega2561/lib\libnutcrt.a(putf.o)
                                                  c:/ethernut-4.3.3/build/gcc/atmega2561/lib\libnutcrt.a(malloc.o)
                                                  c:/ethernut-4.3.3/build/gcc/atmega2561/lib\libnutcrt.a(errno.o)
                                                  c:/ethernut-4.3.3/build/gcc/atmega2561/lib\libnutcrt.a(time.o)
                                                  c:/ethernut-4.3.3/build/gcc/atmega2561/lib\libnutcrt.a(vfprintf_p.o)
                                                  c:/ethernut-4.3.3/build/gcc/atmega2561/lib\libnutcrt.a(fputs_p.o)
                                                  c:/ethernut-4.3.3/build/gcc/atmega2561/lib\libnutcrt.a(fputs.o)
                                                  c:/ethernut-4.3.3/build/gcc/atmega2561/lib\libnutcrt.a(fputc.o)
                                                  c:/ethernut-4.3.3/build/gcc/atmega2561/lib\libnutcrt.a(freopen.o)
                                                  c:/ethernut-4.3.3/build/gcc/atmega2561/lib\libnutcrt.a(fopen.o)
                                                  c:/ethernut-4.3.3/build/gcc/atmega2561/lib\libnutcrt.a(fileno.o)
                                                  c:/ethernut-4.3.3/build/gcc/atmega2561/lib\libnutcrt.a(fflush.o)
                                                  c:/ethernut-4.3.3/build/gcc/atmega2561/lib\libnutcrt.a(fclose.o)
                                                  c:/ethernut-4.3.3/build/gcc/atmega2561/lib\libnutcrt.a(open.o)
                                                  c:/ethernut-4.3.3/build/gcc/atmega2561/lib\libnutcrt.a(ioctl.o)
                                                  c:/ethernut-4.3.3/build/gcc/atmega2561/lib\libnutcrt.a(close.o)
                                                  c:/ethernut-4.3.3/build/gcc/atmega2561/lib\libnutarch.a(ih_usart1_tx.o)
                                                  c:/ethernut-4.3.3/build/gcc/atmega2561/lib\libnutarch.a(ih_usart1_rx.o)
                                                  c:/ethernut-4.3.3/build/gcc/atmega2561/lib\libnutarch.a(ih_usart0_tx.o)
                                                  c:/ethernut-4.3.3/build/gcc/atmega2561/lib\libnutarch.a(ih_usart0_rx.o)
                                                  c:/ethernut-4.3.3/build/gcc/atmega2561/lib\libnutarch.a(ih_twi.o)
                                                  c:/ethernut-4.3.3/build/gcc/atmega2561/lib\libnutarch.a(eeprom.o)
                                                  c:/ethernut-4.3.3/build/gcc/atmega2561/lib\libnutarch.a(twif.o)
                                                  c:/ethernut-4.3.3/build/gcc/atmega2561/lib\libnutarch.a(uartavr.o)
                                                  c:/ethernut-4.3.3/build/gcc/atmega2561/lib\libnutarch.a(uart0.o)
                                                  c:/ethernut-4.3.3/build/gcc/atmega2561/lib\libnutarch.a(ih_timer2_comp.o)
                                                  c:/ethernut-4.3.3/build/gcc/atmega2561/lib\libnutarch.a(ih_timer0_ovf.o)
                                                  c:/ethernut-4.3.3/build/gcc/atmega2561/lib\libnutarch.a(ih_int6.o)
                                                  c:/ethernut-4.3.3/build/gcc/atmega2561/lib\libnutarch.a(ih_int4.o)
                                                  c:/ethernut-4.3.3/build/gcc/atmega2561/lib\libnutarch.a(ostimer.o)
                                                  c:/ethernut-4.3.3/build/gcc/atmega2561/lib\libnutarch.a(context_gcc.o)
                                                  c:/ethernut-4.3.3/build/gcc/atmega2561/lib\libnutdev.a(nvmem.o)
                                                  c:/ethernut-4.3.3/build/gcc/atmega2561/lib\libnutdev.a(ihndlr.o)
                                                  c:/ethernut-4.3.3/build/gcc/atmega2561/lib\libnutos.a(confos.o)
                                                  c:/ethernut-4.3.3/build/gcc/atmega2561/lib\libnutos.a(devreg.o)
                                                  c:/ethernut-4.3.3/build/gcc/atmega2561/lib\libnutos.a(event.o)
                                                  c:/ethernut-4.3.3/build/gcc/atmega2561/lib\libnutos.a(timer.o)
                                                  c:/ethernut-4.3.3/build/gcc/atmega2561/lib\libnutos.a(thread.o)
                                                  c:/ethernut-4.3.3/build/gcc/atmega2561/lib\libnutos.a(bankmem.o)
                                                  c:/ethernut-4.3.3/build/gcc/atmega2561/lib\libnutos.a(heap.o)
                                                  c:/ethernut-4.3.3/build/gcc/atmega2561/lib/nutinit.o
                                                  ./source/rtc.o
                                                  ./source/flash.o
                                                  ./source/fat.o
                                                  ./source/mmcdrv.o
                                                  ./source/spidrv.o
                                                  ./source/mmc.o
                                                  ./source/watchdog.o
                                                  ./source/remcon.o
                                                  ./source/vs10xx.o
                                                  ./source/display.o
                                                  ./source/keyboard.o
                                                  ./source/led.o
                                                  ./source/log.o
                                                  ./source/uart0driver.o
                                                  ./source/main.o
__do_copy_data                                    c:/winavr-20070525/bin/../lib/gcc/avr/4.1.2/../../../../avr/lib/avr6/crtm2561.o
                                                  c:/ethernut-4.3.3/build/gcc/atmega2561/lib\libnutcrt.a(fmode.o)
                                                  c:/ethernut-4.3.3/build/gcc/atmega2561/lib\libnutcrt.a(write_p.o)
                                                  c:/ethernut-4.3.3/build/gcc/atmega2561/lib\libnutcrt.a(write.o)
                                                  c:/ethernut-4.3.3/build/gcc/atmega2561/lib\libnutcrt.a(putf.o)
                                                  c:/ethernut-4.3.3/build/gcc/atmega2561/lib\libnutcrt.a(malloc.o)
                                                  c:/ethernut-4.3.3/build/gcc/atmega2561/lib\libnutcrt.a(errno.o)
                                                  c:/ethernut-4.3.3/build/gcc/atmega2561/lib\libnutcrt.a(time.o)
                                                  c:/ethernut-4.3.3/build/gcc/atmega2561/lib\libnutcrt.a(vfprintf_p.o)
                                                  c:/ethernut-4.3.3/build/gcc/atmega2561/lib\libnutcrt.a(fputs_p.o)
                                                  c:/ethernut-4.3.3/build/gcc/atmega2561/lib\libnutcrt.a(fputs.o)
                                                  c:/ethernut-4.3.3/build/gcc/atmega2561/lib\libnutcrt.a(fputc.o)
                                                  c:/ethernut-4.3.3/build/gcc/atmega2561/lib\libnutcrt.a(freopen.o)
                                                  c:/ethernut-4.3.3/build/gcc/atmega2561/lib\libnutcrt.a(fopen.o)
                                                  c:/ethernut-4.3.3/build/gcc/atmega2561/lib\libnutcrt.a(fileno.o)
                                                  c:/ethernut-4.3.3/build/gcc/atmega2561/lib\libnutcrt.a(fflush.o)
                                                  c:/ethernut-4.3.3/build/gcc/atmega2561/lib\libnutcrt.a(fclose.o)
                                                  c:/ethernut-4.3.3/build/gcc/atmega2561/lib\libnutcrt.a(open.o)
                                                  c:/ethernut-4.3.3/build/gcc/atmega2561/lib\libnutcrt.a(ioctl.o)
                                                  c:/ethernut-4.3.3/build/gcc/atmega2561/lib\libnutcrt.a(close.o)
                                                  c:/ethernut-4.3.3/build/gcc/atmega2561/lib\libnutarch.a(ih_usart1_tx.o)
                                                  c:/ethernut-4.3.3/build/gcc/atmega2561/lib\libnutarch.a(ih_usart1_rx.o)
                                                  c:/ethernut-4.3.3/build/gcc/atmega2561/lib\libnutarch.a(ih_usart0_tx.o)
                                                  c:/ethernut-4.3.3/build/gcc/atmega2561/lib\libnutarch.a(ih_usart0_rx.o)
                                                  c:/ethernut-4.3.3/build/gcc/atmega2561/lib\libnutarch.a(ih_twi.o)
                                                  c:/ethernut-4.3.3/build/gcc/atmega2561/lib\libnutarch.a(eeprom.o)
                                                  c:/ethernut-4.3.3/build/gcc/atmega2561/lib\libnutarch.a(twif.o)
                                                  c:/ethernut-4.3.3/build/gcc/atmega2561/lib\libnutarch.a(uartavr.o)
                                                  c:/ethernut-4.3.3/build/gcc/atmega2561/lib\libnutarch.a(uart0.o)
                                                  c:/ethernut-4.3.3/build/gcc/atmega2561/lib\libnutarch.a(ih_timer2_comp.o)
                                                  c:/ethernut-4.3.3/build/gcc/atmega2561/lib\libnutarch.a(ih_timer0_ovf.o)
                                                  c:/ethernut-4.3.3/build/gcc/atmega2561/lib\libnutarch.a(ih_int6.o)
                                                  c:/ethernut-4.3.3/build/gcc/atmega2561/lib\libnutarch.a(ih_int4.o)
                                                  c:/ethernut-4.3.3/build/gcc/atmega2561/lib\libnutarch.a(ostimer.o)
                                                  c:/ethernut-4.3.3/build/gcc/atmega2561/lib\libnutarch.a(context_gcc.o)
                                                  c:/ethernut-4.3.3/build/gcc/atmega2561/lib\libnutdev.a(nvmem.o)
                                                  c:/ethernut-4.3.3/build/gcc/atmega2561/lib\libnutdev.a(ihndlr.o)
                                                  c:/ethernut-4.3.3/build/gcc/atmega2561/lib\libnutos.a(confos.o)
                                                  c:/ethernut-4.3.3/build/gcc/atmega2561/lib\libnutos.a(devreg.o)
                                                  c:/ethernut-4.3.3/build/gcc/atmega2561/lib\libnutos.a(event.o)
                                                  c:/ethernut-4.3.3/build/gcc/atmega2561/lib\libnutos.a(timer.o)
                                                  c:/ethernut-4.3.3/build/gcc/atmega2561/lib\libnutos.a(thread.o)